Archive member included to satisfy reference by file (symbol)

../Middlewares/ST/STM32_MotionFX_Library/Lib\MotionFX_CM0P_wc32_ot.a(motion_fx_cm0p.o)
                              ./MEMS/Target/motion_fx_manager.o (MotionFX_CM0P_initialize)
c:/st/stm32cubeide_1.10.1/stm32cubeide/plugins/com.st.stm32cube.ide.mcu.externaltools.gnu-tools-for-stm32.10.3-2021.10.win32_1.0.0.202111181127/tools/bin/../lib/gcc/arm-none-eabi/10.3.1/../../../../arm-none-eabi/lib/thumb/v6-m/nofp\libc_nano.a(lib_a-errno.o)
                              ./Core/Src/syscalls.o (__errno)
c:/st/stm32cubeide_1.10.1/stm32cubeide/plugins/com.st.stm32cube.ide.mcu.externaltools.gnu-tools-for-stm32.10.3-2021.10.win32_1.0.0.202111181127/tools/bin/../lib/gcc/arm-none-eabi/10.3.1/../../../../arm-none-eabi/lib/thumb/v6-m/nofp\libc_nano.a(lib_a-exit.o)
                              c:/st/stm32cubeide_1.10.1/stm32cubeide/plugins/com.st.stm32cube.ide.mcu.externaltools.gnu-tools-for-stm32.10.3-2021.10.win32_1.0.0.202111181127/tools/bin/../lib/gcc/arm-none-eabi/10.3.1/../../../../arm-none-eabi/lib/thumb/v6-m/nofp/crt0.o (exit)
c:/st/stm32cubeide_1.10.1/stm32cubeide/plugins/com.st.stm32cube.ide.mcu.externaltools.gnu-tools-for-stm32.10.3-2021.10.win32_1.0.0.202111181127/tools/bin/../lib/gcc/arm-none-eabi/10.3.1/../../../../arm-none-eabi/lib/thumb/v6-m/nofp\libc_nano.a(lib_a-impure.o)
                              c:/st/stm32cubeide_1.10.1/stm32cubeide/plugins/com.st.stm32cube.ide.mcu.externaltools.gnu-tools-for-stm32.10.3-2021.10.win32_1.0.0.202111181127/tools/bin/../lib/gcc/arm-none-eabi/10.3.1/../../../../arm-none-eabi/lib/thumb/v6-m/nofp\libc_nano.a(lib_a-exit.o) (_global_impure_ptr)
c:/st/stm32cubeide_1.10.1/stm32cubeide/plugins/com.st.stm32cube.ide.mcu.externaltools.gnu-tools-for-stm32.10.3-2021.10.win32_1.0.0.202111181127/tools/bin/../lib/gcc/arm-none-eabi/10.3.1/../../../../arm-none-eabi/lib/thumb/v6-m/nofp\libc_nano.a(lib_a-init.o)
                              c:/st/stm32cubeide_1.10.1/stm32cubeide/plugins/com.st.stm32cube.ide.mcu.externaltools.gnu-tools-for-stm32.10.3-2021.10.win32_1.0.0.202111181127/tools/bin/../lib/gcc/arm-none-eabi/10.3.1/../../../../arm-none-eabi/lib/thumb/v6-m/nofp/crt0.o (__libc_init_array)
c:/st/stm32cubeide_1.10.1/stm32cubeide/plugins/com.st.stm32cube.ide.mcu.externaltools.gnu-tools-for-stm32.10.3-2021.10.win32_1.0.0.202111181127/tools/bin/../lib/gcc/arm-none-eabi/10.3.1/../../../../arm-none-eabi/lib/thumb/v6-m/nofp\libc_nano.a(lib_a-memcpy-stub.o)
                              ./MEMS/App/app_mems.o (memcpy)
c:/st/stm32cubeide_1.10.1/stm32cubeide/plugins/com.st.stm32cube.ide.mcu.externaltools.gnu-tools-for-stm32.10.3-2021.10.win32_1.0.0.202111181127/tools/bin/../lib/gcc/arm-none-eabi/10.3.1/../../../../arm-none-eabi/lib/thumb/v6-m/nofp\libc_nano.a(lib_a-memset.o)
                              c:/st/stm32cubeide_1.10.1/stm32cubeide/plugins/com.st.stm32cube.ide.mcu.externaltools.gnu-tools-for-stm32.10.3-2021.10.win32_1.0.0.202111181127/tools/bin/../lib/gcc/arm-none-eabi/10.3.1/../../../../arm-none-eabi/lib/thumb/v6-m/nofp/crt0.o (memset)
c:/st/stm32cubeide_1.10.1/stm32cubeide/plugins/com.st.stm32cube.ide.mcu.externaltools.gnu-tools-for-stm32.10.3-2021.10.win32_1.0.0.202111181127/tools/bin/../lib/gcc/arm-none-eabi/10.3.1/../../../../arm-none-eabi/lib/thumb/v6-m/nofp\libc_nano.a(lib_a-snprintf.o)
                              ./MEMS/Target/demo_serial.o (snprintf)
c:/st/stm32cubeide_1.10.1/stm32cubeide/plugins/com.st.stm32cube.ide.mcu.externaltools.gnu-tools-for-stm32.10.3-2021.10.win32_1.0.0.202111181127/tools/bin/../lib/gcc/arm-none-eabi/10.3.1/../../../../arm-none-eabi/lib/thumb/v6-m/nofp\libc_nano.a(lib_a-nano-svfprintf.o)
                              c:/st/stm32cubeide_1.10.1/stm32cubeide/plugins/com.st.stm32cube.ide.mcu.externaltools.gnu-tools-for-stm32.10.3-2021.10.win32_1.0.0.202111181127/tools/bin/../lib/gcc/arm-none-eabi/10.3.1/../../../../arm-none-eabi/lib/thumb/v6-m/nofp\libc_nano.a(lib_a-snprintf.o) (_svfprintf_r)
c:/st/stm32cubeide_1.10.1/stm32cubeide/plugins/com.st.stm32cube.ide.mcu.externaltools.gnu-tools-for-stm32.10.3-2021.10.win32_1.0.0.202111181127/tools/bin/../lib/gcc/arm-none-eabi/10.3.1/../../../../arm-none-eabi/lib/thumb/v6-m/nofp\libc_nano.a(lib_a-nano-vfprintf_i.o)
                              c:/st/stm32cubeide_1.10.1/stm32cubeide/plugins/com.st.stm32cube.ide.mcu.externaltools.gnu-tools-for-stm32.10.3-2021.10.win32_1.0.0.202111181127/tools/bin/../lib/gcc/arm-none-eabi/10.3.1/../../../../arm-none-eabi/lib/thumb/v6-m/nofp\libc_nano.a(lib_a-nano-svfprintf.o) (_printf_i)
c:/st/stm32cubeide_1.10.1/stm32cubeide/plugins/com.st.stm32cube.ide.mcu.externaltools.gnu-tools-for-stm32.10.3-2021.10.win32_1.0.0.202111181127/tools/bin/../lib/gcc/arm-none-eabi/10.3.1/../../../../arm-none-eabi/lib/thumb/v6-m/nofp\libc_nano.a(lib_a-memchr-stub.o)
[...]
Memory Configuration

Name             Origin             Length             Attributes
RAM              0x0000000020000000 0x0000000000005000 xrw
FLASH            0x0000000008000000 0x0000000000030000 xr
*default*        0x0000000000000000 0xffffffffffffffff

Linker script and memory map

LOAD c:/st/stm32cubeide_1.10.1/stm32cubeide/plugins/com.st.stm32cube.ide.mcu.externaltools.gnu-tools-for-stm32.10.3-2021.10.win32_1.0.0.202111181127/tools/bin/../lib/gcc/arm-none-eabi/10.3.1/thumb/v6-m/nofp/crti.o
LOAD c:/st/stm32cubeide_1.10.1/stm32cubeide/plugins/com.st.stm32cube.ide.mcu.externaltools.gnu-tools-for-stm32.10.3-2021.10.win32_1.0.0.202111181127/tools/bin/../lib/gcc/arm-none-eabi/10.3.1/thumb/v6-m/nofp/crtbegin.o
LOAD c:/st/stm32cubeide_1.10.1/stm32cubeide/plugins/com.st.stm32cube.ide.mcu.externaltools.gnu-tools-for-stm32.10.3-2021.10.win32_1.0.0.202111181127/tools/bin/../lib/gcc/arm-none-eabi/10.3.1/../../../../arm-none-eabi/lib/thumb/v6-m/nofp/crt0.o
LOAD ./Core/Src/main.o
LOAD ./Core/Src/stm32l0xx_hal_msp.o
LOAD ./Core/Src/stm32l0xx_it.o
LOAD ./Core/Src/stm32l0xx_nucleo_bus.o
LOAD ./Core/Src/syscalls.o
LOAD ./Core/Src/sysmem.o
LOAD ./Core/Src/system_stm32l0xx.o
LOAD ./Core/Startup/startup_stm32l073rztx.o
LOAD ./Drivers/BSP/Components/hts221/hts221.o
LOAD ./Drivers/BSP/Components/hts221/hts221_reg.o
LOAD ./Drivers/BSP/Components/lis2dw12/lis2dw12.o
LOAD ./Drivers/BSP/Components/lis2dw12/lis2dw12_reg.o
LOAD ./Drivers/BSP/Components/lis2mdl/lis2mdl.o
LOAD ./Drivers/BSP/Components/lis2mdl/lis2mdl_reg.o
LOAD ./Drivers/BSP/Components/lps22hh/lps22hh.o
LOAD ./Drivers/BSP/Components/lps22hh/lps22hh_reg.o
LOAD ./Drivers/BSP/Components/lsm6dso/lsm6dso.o
LOAD ./Drivers/BSP/Components/lsm6dso/lsm6dso_reg.o
LOAD ./Drivers/BSP/Components/stts751/stts751.o
LOAD ./Drivers/BSP/Components/stts751/stts751_reg.o
LOAD ./Drivers/BSP/IKS01A3/iks01a3_env_sensors.o
LOAD ./Drivers/BSP/IKS01A3/iks01a3_env_sensors_ex.o
LOAD ./Drivers/BSP/IKS01A3/iks01a3_motion_sensors.o
LOAD ./Drivers/BSP/IKS01A3/iks01a3_motion_sensors_ex.o
LOAD ./Drivers/BSP/STM32L0xx_Nucleo/stm32l0xx_nucleo.o
LOAD ./Drivers/STM32L0xx_HAL_Driver/Src/stm32l0xx_hal.o
LOAD ./Drivers/STM32L0xx_HAL_Driver/Src/stm32l0xx_hal_cortex.o
LOAD ./Drivers/STM32L0xx_HAL_Driver/Src/stm32l0xx_hal_crc.o
LOAD ./Drivers/STM32L0xx_HAL_Driver/Src/stm32l0xx_hal_crc_ex.o
LOAD ./Drivers/STM32L0xx_HAL_Driver/Src/stm32l0xx_hal_dma.o
LOAD ./Drivers/STM32L0xx_HAL_Driver/Src/stm32l0xx_hal_exti.o
LOAD ./Drivers/STM32L0xx_HAL_Driver/Src/stm32l0xx_hal_flash.o
LOAD ./Drivers/STM32L0xx_HAL_Driver/Src/stm32l0xx_hal_flash_ex.o
LOAD ./Drivers/STM32L0xx_HAL_Driver/Src/stm32l0xx_hal_flash_ramfunc.o
LOAD ./Drivers/STM32L0xx_HAL_Driver/Src/stm32l0xx_hal_gpio.o
LOAD ./Drivers/STM32L0xx_HAL_Driver/Src/stm32l0xx_hal_i2c.o
LOAD ./Drivers/STM32L0xx_HAL_Driver/Src/stm32l0xx_hal_i2c_ex.o
LOAD ./Drivers/STM32L0xx_HAL_Driver/Src/stm32l0xx_hal_pwr.o
LOAD ./Drivers/STM32L0xx_HAL_Driver/Src/stm32l0xx_hal_pwr_ex.o
LOAD ./Drivers/STM32L0xx_HAL_Driver/Src/stm32l0xx_hal_rcc.o
LOAD ./Drivers/STM32L0xx_HAL_Driver/Src/stm32l0xx_hal_rcc_ex.o
LOAD ./Drivers/STM32L0xx_HAL_Driver/Src/stm32l0xx_hal_rtc.o
LOAD ./Drivers/STM32L0xx_HAL_Driver/Src/stm32l0xx_hal_rtc_ex.o
LOAD ./Drivers/STM32L0xx_HAL_Driver/Src/stm32l0xx_hal_tim.o
LOAD ./Drivers/STM32L0xx_HAL_Driver/Src/stm32l0xx_hal_tim_ex.o
LOAD ./Drivers/STM32L0xx_HAL_Driver/Src/stm32l0xx_hal_uart.o
LOAD ./Drivers/STM32L0xx_HAL_Driver/Src/stm32l0xx_hal_uart_ex.o
LOAD ./MEMS/App/app_mems.o
LOAD ./MEMS/Target/com.o
LOAD ./MEMS/Target/demo_serial.o
LOAD ./MEMS/Target/iks01a3_mems_control.o
LOAD ./MEMS/Target/iks01a3_mems_control_ex.o
LOAD ./MEMS/Target/motion_fx_manager.o
LOAD ./MEMS/Target/serial_protocol.o
LOAD ../Middlewares/ST/STM32_MotionFX_Library/Lib\MotionFX_CM0P_wc32_ot.a
START GROUP
LOAD c:/st/stm32cubeide_1.10.1/stm32cubeide/plugins/com.st.stm32cube.ide.mcu.externaltools.gnu-tools-for-stm32.10.3-2021.10.win32_1.0.0.202111181127/tools/bin/../lib/gcc/arm-none-eabi/10.3.1/../../../../arm-none-eabi/lib/thumb/v6-m/nofp\libc_nano.a
LOAD c:/st/stm32cubeide_1.10.1/stm32cubeide/plugins/com.st.stm32cube.ide.mcu.externaltools.gnu-tools-for-stm32.10.3-2021.10.win32_1.0.0.202111181127/tools/bin/../lib/gcc/arm-none-eabi/10.3.1/../../../../arm-none-eabi/lib/thumb/v6-m/nofp\libm.a
END GROUP
START GROUP
LOAD c:/st/stm32cubeide_1.10.1/stm32cubeide/plugins/com.st.stm32cube.ide.mcu.externaltools.gnu-tools-for-stm32.10.3-2021.10.win32_1.0.0.202111181127/tools/bin/../lib/gcc/arm-none-eabi/10.3.1/thumb/v6-m/nofp\libgcc.a
LOAD c:/st/stm32cubeide_1.10.1/stm32cubeide/plugins/com.st.stm32cube.ide.mcu.externaltools.gnu-tools-for-stm32.10.3-2021.10.win32_1.0.0.202111181127/tools/bin/../lib/gcc/arm-none-eabi/10.3.1/../../../../arm-none-eabi/lib/thumb/v6-m/nofp\libc_nano.a
END GROUP
START GROUP
LOAD c:/st/stm32cubeide_1.10.1/stm32cubeide/plugins/com.st.stm32cube.ide.mcu.externaltools.gnu-tools-for-stm32.10.3-2021.10.win32_1.0.0.202111181127/tools/bin/../lib/gcc/arm-none-eabi/10.3.1/thumb/v6-m/nofp\libgcc.a
LOAD c:/st/stm32cubeide_1.10.1/stm32cubeide/plugins/com.st.stm32cube.ide.mcu.externaltools.gnu-tools-for-stm32.10.3-2021.10.win32_1.0.0.202111181127/tools/bin/../lib/gcc/arm-none-eabi/10.3.1/../../../../arm-none-eabi/lib/thumb/v6-m/nofp\libc_nano.a
LOAD c:/st/stm32cubeide_1.10.1/stm32cubeide/plugins/com.st.stm32cube.ide.mcu.externaltools.gnu-tools-for-stm32.10.3-2021.10.win32_1.0.0.202111181127/tools/bin/../lib/gcc/arm-none-eabi/10.3.1/../../../../arm-none-eabi/lib/thumb/v6-m/nofp\libnosys.a
END GROUP
START GROUP
LOAD c:/st/stm32cubeide_1.10.1/stm32cubeide/plugins/com.st.stm32cube.ide.mcu.externaltools.gnu-tools-for-stm32.10.3-2021.10.win32_1.0.0.202111181127/tools/bin/../lib/gcc/arm-none-eabi/10.3.1/thumb/v6-m/nofp\libgcc.a
LOAD c:/st/stm32cubeide_1.10.1/stm32cubeide/plugins/com.st.stm32cube.ide.mcu.externaltools.gnu-tools-for-stm32.10.3-2021.10.win32_1.0.0.202111181127/tools/bin/../lib/gcc/arm-none-eabi/10.3.1/../../../../arm-none-eabi/lib/thumb/v6-m/nofp\libc_nano.a
LOAD c:/st/stm32cubeide_1.10.1/stm32cubeide/plugins/com.st.stm32cube.ide.mcu.externaltools.gnu-tools-for-stm32.10.3-2021.10.win32_1.0.0.202111181127/tools/bin/../lib/gcc/arm-none-eabi/10.3.1/../../../../arm-none-eabi/lib/thumb/v6-m/nofp\libnosys.a
END GROUP
LOAD c:/st/stm32cubeide_1.10.1/stm32cubeide/plugins/com.st.stm32cube.ide.mcu.externaltools.gnu-tools-for-stm32.10.3-2021.10.win32_1.0.0.202111181127/tools/bin/../lib/gcc/arm-none-eabi/10.3.1/thumb/v6-m/nofp/crtend.o
LOAD c:/st/stm32cubeide_1.10.1/stm32cubeide/plugins/com.st.stm32cube.ide.mcu.externaltools.gnu-tools-for-stm32.10.3-2021.10.win32_1.0.0.202111181127/tools/bin/../lib/gcc/arm-none-eabi/10.3.1/thumb/v6-m/nofp/crtn.o
                0x0000000020005000                _estack = (ORIGIN (RAM) + LENGTH (RAM))
                0x0000000000000800                _Min_Heap_Size = 0x800
                0x0000000000002000                _Min_Stack_Size = 0x2000

.isr_vector     0x0000000008000000       0xc0
                0x0000000008000000                . = ALIGN (0x4)
 *(.isr_vector)
 .isr_vector    0x0000000008000000       0xc0 ./Core/Startup/startup_stm32l073rztx.o
                0x0000000008000000                g_pfnVectors
                0x00000000080000c0                . = ALIGN (0x4)

.text           0x00000000080000c0    0x1594c
                0x00000000080000c0                . = ALIGN (0x4)
 *(.text)
 .text          0x00000000080000c0       0x48 c:/st/stm32cubeide_1.10.1/stm32cubeide/plugins/com.st.stm32cube.ide.mcu.externaltools.gnu-tools-for-stm32.10.3-2021.10.win32_1.0.0.202111181127/tools/bin/../lib/gcc/arm-none-eabi/10.3.1/thumb/v6-m/nofp/crtbegin.o
 .text          0x0000000008000108       0x14 c:/st/stm32cubeide_1.10.1/stm32cubeide/plugins/com.st.stm32cube.ide.mcu.externaltools.gnu-tools-for-stm32.10.3-2021.10.win32_1.0.0.202111181127/tools/bin/../lib/gcc/arm-none-eabi/10.3.1/thumb/v6-m/nofp\libgcc.a(_thumb1_case_shi.o)
                0x0000000008000108                __gnu_thumb1_case_shi
 .text          0x000000000800011c      0x114 c:/st/stm32cubeide_1.10.1/stm32cubeide/plugins/com.st.stm32cube.ide.mcu.externaltools.gnu-tools-for-stm32.10.3-2021.10.win32_1.0.0.202111181127/tools/bin/../lib/gcc/arm-none-eabi/10.3.1/thumb/v6-m/nofp\libgcc.a(_udivsi3.o)
                0x000000000800011c                __aeabi_uidiv
                0x000000000800011c                __udivsi3
                0x0000000008000228                __aeabi_uidivmod
 .text          0x0000000008000230      0x1d4 c:/st/stm32cubeide_1.10.1/stm32cubeide/plugins/com.st.stm32cube.ide.mcu.externaltools.gnu-tools-for-stm32.10.3-2021.10.win32_1.0.0.202111181127/tools/bin/../lib/gcc/arm-none-eabi/10.3.1/thumb/v6-m/nofp\libgcc.a(_divsi3.o)
                0x0000000008000230                __divsi3
                0x0000000008000230                __aeabi_idiv
                0x00000000080003fc                __aeabi_idivmod
 .text          0x0000000008000404        0x4 c:/st/stm32cubeide_1.10.1/stm32cubeide/plugins/com.st.stm32cube.ide.mcu.externaltools.gnu-tools-for-stm32.10.3-2021.10.win32_1.0.0.202111181127/tools/bin/../lib/gcc/arm-none-eabi/10.3.1/thumb/v6-m/nofp\libgcc.a(_dvmd_tls.o)
                0x0000000008000404                __aeabi_idiv0
                0x0000000008000404                __aeabi_ldiv0
 .text          0x0000000008000408       0x74 c:/st/stm32cubeide_1.10.1/stm32cubeide/plugins/com.st.stm32cube.ide.mcu.externaltools.gnu-tools-for-stm32.10.3-2021.10.win32_1.0.0.202111181127/tools/bin/../lib/gcc/arm-none-eabi/10.3.1/thumb/v6-m/nofp\libgcc.a(_arm_cmpsf2.o)
                0x0000000008000408                __aeabi_cfrcmple
                0x0000000008000410                __aeabi_cfcmpeq
                0x0000000008000410                __aeabi_cfcmple
                0x0000000008000420                __aeabi_fcmpeq
                0x000000000800042c                __aeabi_fcmplt
                0x0000000008000440                __aeabi_fcmple
                0x0000000008000454                __aeabi_fcmpgt
                0x0000000008000468                __aeabi_fcmpge
 .text          0x000000000800047c       0x40 c:/st/stm32cubeide_1.10.1/stm32cubeide/plugins/com.st.stm32cube.ide.mcu.externaltools.gnu-tools-for-stm32.10.3-2021.10.win32_1.0.0.202111181127/tools/bin/../lib/gcc/arm-none-eabi/10.3.1/thumb/v6-m/nofp\libgcc.a(_aeabi_uldivmod.o)
                0x000000000800047c                __aeabi_uldivmod
 .text          0x00000000080004bc       0x5c c:/st/stm32cubeide_1.10.1/stm32cubeide/plugins/com.st.stm32cube.ide.mcu.externaltools.gnu-tools-for-stm32.10.3-2021.10.win32_1.0.0.202111181127/tools/bin/../lib/gcc/arm-none-eabi/10.3.1/thumb/v6-m/nofp\libgcc.a(_muldi3.o)
                0x00000000080004bc                __muldi3
                0x00000000080004bc                __aeabi_lmul
 .text          0x0000000008000518       0x30 c:/st/stm32cubeide_1.10.1/stm32cubeide/plugins/com.st.stm32cube.ide.mcu.externaltools.gnu-tools-for-stm32.10.3-2021.10.win32_1.0.0.202111181127/tools/bin/../lib/gcc/arm-none-eabi/10.3.1/thumb/v6-m/nofp\libgcc.a(_fixunssfsi.o)
                0x0000000008000518                __fixunssfsi
                0x0000000008000518                __aeabi_f2uiz
 .text          0x0000000008000548      0x198 c:/st/stm32cubeide_1.10.1/stm32cubeide/plugins/com.st.stm32cube.ide.mcu.externaltools.gnu-tools-for-stm32.10.3-2021.10.win32_1.0.0.202111181127/tools/bin/../lib/gcc/arm-none-eabi/10.3.1/thumb/v6-m/nofp\libgcc.a(_udivmoddi4.o)
                0x0000000008000548                __udivmoddi4
 .text          0x00000000080006e0      0x33c c:/st/stm32cubeide_1.10.1/stm32cubeide/plugins/com.st.stm32cube.ide.mcu.externaltools.gnu-tools-for-stm32.10.3-2021.10.win32_1.0.0.202111181127/tools/bin/../lib/gcc/arm-none-eabi/10.3.1/thumb/v6-m/nofp\libgcc.a(addsf3.o)
                0x00000000080006e0                __aeabi_fadd
 .text          0x0000000008000a1c      0x230 c:/st/stm32cubeide_1.10.1/stm32cubeide/plugins/com.st.stm32cube.ide.mcu.externaltools.gnu-tools-for-stm32.10.3-2021.10.win32_1.0.0.202111181127/tools/bin/../lib/gcc/arm-none-eabi/10.3.1/thumb/v6-m/nofp\libgcc.a(divsf3.o)
                0x0000000008000a1c                __aeabi_fdiv
 .text          0x0000000008000c4c       0x4c c:/st/stm32cubeide_1.10.1/stm32cubeide/plugins/com.st.stm32cube.ide.mcu.externaltools.gnu-tools-for-stm32.10.3-2021.10.win32_1.0.0.202111181127/tools/bin/../lib/gcc/arm-none-eabi/10.3.1/thumb/v6-m/nofp\libgcc.a(eqsf2.o)
                0x0000000008000c4c                __eqsf2
                0x0000000008000c4c                __nesf2
 .text          0x0000000008000c98       0x8c c:/st/stm32cubeide_1.10.1/stm32cubeide/plugins/com.st.stm32cube.ide.mcu.externaltools.gnu-tools-for-stm32.10.3-2021.10.win32_1.0.0.202111181127/tools/bin/../lib/gcc/arm-none-eabi/10.3.1/thumb/v6-m/nofp\libgcc.a(gesf2.o)
                0x0000000008000c98                __gesf2
                0x0000000008000c98                __gtsf2
 .text          0x0000000008000d24       0x88 c:/st/stm32cubeide_1.10.1/stm32cubeide/plugins/com.st.stm32cube.ide.mcu.externaltools.gnu-tools-for-stm32.10.3-2021.10.win32_1.0.0.202111181127/tools/bin/../lib/gcc/arm-none-eabi/10.3.1/thumb/v6-m/nofp\libgcc.a(lesf2.o)
                0x0000000008000d24                __ltsf2
                0x0000000008000d24                __lesf2
 .text          0x0000000008000dac      0x24c c:/st/stm32cubeide_1.10.1/stm32cubeide/plugins/com.st.stm32cube.ide.mcu.externaltools.gnu-tools-for-stm32.10.3-2021.10.win32_1.0.0.202111181127/tools/bin/../lib/gcc/arm-none-eabi/10.3.1/thumb/v6-m/nofp\libgcc.a(mulsf3.o)
                0x0000000008000dac                __aeabi_fmul
 .text          0x0000000008000ff8      0x35c c:/st/stm32cubeide_1.10.1/stm32cubeide/plugins/com.st.stm32cube.ide.mcu.externaltools.gnu-tools-for-stm32.10.3-2021.10.win32_1.0.0.202111181127/tools/bin/../lib/gcc/arm-none-eabi/10.3.1/thumb/v6-m/nofp\libgcc.a(subsf3.o)
                0x0000000008000ff8                __aeabi_fsub
 .text          0x0000000008001354       0x2c c:/st/stm32cubeide_1.10.1/stm32cubeide/plugins/com.st.stm32cube.ide.mcu.externaltools.gnu-tools-for-stm32.10.3-2021.10.win32_1.0.0.202111181127/tools/bin/../lib/gcc/arm-none-eabi/10.3.1/thumb/v6-m/nofp\libgcc.a(unordsf2.o)
                0x0000000008001354                __aeabi_fcmpun
 .text          0x0000000008001380       0x40 c:/st/stm32cubeide_1.10.1/stm32cubeide/plugins/com.st.stm32cube.ide.mcu.externaltools.gnu-tools-for-stm32.10.3-2021.10.win32_1.0.0.202111181127/tools/bin/../lib/gcc/arm-none-eabi/10.3.1/thumb/v6-m/nofp\libgcc.a(fixsfsi.o)
                0x0000000008001380                __aeabi_f2iz
 .text          0x00000000080013c0       0x9c c:/st/stm32cubeide_1.10.1/stm32cubeide/plugins/com.st.stm32cube.ide.mcu.externaltools.gnu-tools-for-stm32.10.3-2021.10.win32_1.0.0.202111181127/tools/bin/../lib/gcc/arm-none-eabi/10.3.1/thumb/v6-m/nofp\libgcc.a(floatsisf.o)
                0x00000000080013c0                __aeabi_i2f
 .text          0x000000000800145c       0x84 c:/st/stm32cubeide_1.10.1/stm32cubeide/plugins/com.st.stm32cube.ide.mcu.externaltools.gnu-tools-for-stm32.10.3-2021.10.win32_1.0.0.202111181127/tools/bin/../lib/gcc/arm-none-eabi/10.3.1/thumb/v6-m/nofp\libgcc.a(floatunsisf.o)
                0x000000000800145c                __aeabi_ui2f
 .text          0x00000000080014e0       0x3c c:/st/stm32cubeide_1.10.1/stm32cubeide/plugins/com.st.stm32cube.ide.mcu.externaltools.gnu-tools-for-stm32.10.3-2021.10.win32_1.0.0.202111181127/tools/bin/../lib/gcc/arm-none-eabi/10.3.1/thumb/v6-m/nofp\libgcc.a(_clzsi2.o)
                0x00000000080014e0                __clzsi2
 .text          0x000000000800151c       0x18 c:/st/stm32cubeide_1.10.1/stm32cubeide/plugins/com.st.stm32cube.ide.mcu.externaltools.gnu-tools-for-stm32.10.3-2021.10.win32_1.0.0.202111181127/tools/bin/../lib/gcc/arm-none-eabi/10.3.1/thumb/v6-m/nofp\libgcc.a(_clzdi2.o)
                0x000000000800151c                __clzdi2
 *(.text*)
 .text.main     0x0000000008001534       0x3c ./Core/Src/main.o
                0x0000000008001534                main
 .text.SystemClock_Config
                0x0000000008001570       0xf8 ./Core/Src/main.o
                0x0000000008001570                SystemClock_Config
 .text.MX_CRC_Init
                0x0000000008001668       0x48 ./Core/Src/main.o
 .text.MX_RTC_Init
                0x00000000080016b0       0xc8 ./Core/Src/main.o
 .text.MX_TIM3_Init
                0x0000000008001778       0xac ./Core/Src/main.o
                0x0000000008001778                MX_TIM3_Init
 .text.MX_DMA_Init
                0x0000000008001824       0x3c ./Core/Src/main.o
 .text.MX_GPIO_Init
                0x0000000008001860       0x84 ./Core/Src/main.o
 .text.Error_Handler
                0x00000000080018e4        0xa ./Core/Src/main.o
                0x00000000080018e4                Error_Handler
 *fill*         0x00000000080018ee        0x2 
 .text.HAL_MspInit
                0x00000000080018f0       0x28 ./Core/Src/stm32l0xx_hal_msp.o
                0x00000000080018f0                HAL_MspInit
 .text.HAL_CRC_MspInit
                0x0000000008001918       0x40 ./Core/Src/stm32l0xx_hal_msp.o
                0x0000000008001918                HAL_CRC_MspInit
 .text.HAL_RTC_MspInit
                0x0000000008001958       0x30 ./Core/Src/stm32l0xx_hal_msp.o
                0x0000000008001958                HAL_RTC_MspInit
 .text.HAL_TIM_Base_MspInit
                0x0000000008001988       0x40 ./Core/Src/stm32l0xx_hal_msp.o
                0x0000000008001988                HAL_TIM_Base_MspInit
 .text.NMI_Handler
                0x00000000080019c8        0x6 ./Core/Src/stm32l0xx_it.o
                0x00000000080019c8                NMI_Handler
 .text.HardFault_Handler
                0x00000000080019ce        0x6 ./Core/Src/stm32l0xx_it.o
                0x00000000080019ce                HardFault_Handler
 .text.SVC_Handler
                0x00000000080019d4        0xa ./Core/Src/stm32l0xx_it.o
                0x00000000080019d4                SVC_Handler
 .text.PendSV_Handler
                0x00000000080019de        0xa ./Core/Src/stm32l0xx_it.o
                0x00000000080019de                PendSV_Handler
 .text.SysTick_Handler
                0x00000000080019e8        0xe ./Core/Src/stm32l0xx_it.o
                0x00000000080019e8                SysTick_Handler
 *fill*         0x00000000080019f6        0x2 
 .text.EXTI4_15_IRQHandler
                0x00000000080019f8       0x18 ./Core/Src/stm32l0xx_it.o
                0x00000000080019f8                EXTI4_15_IRQHandler
 .text.DMA1_Channel4_5_6_7_IRQHandler
                0x0000000008001a10       0x18 ./Core/Src/stm32l0xx_it.o
                0x0000000008001a10                DMA1_Channel4_5_6_7_IRQHandler
 .text.TIM3_IRQHandler
                0x0000000008001a28       0x18 ./Core/Src/stm32l0xx_it.o
                0x0000000008001a28                TIM3_IRQHandler
 .text.BSP_I2C1_Init
                0x0000000008001a40       0x7c ./Core/Src/stm32l0xx_nucleo_bus.o
                0x0000000008001a40                BSP_I2C1_Init
 .text.BSP_I2C1_DeInit
                0x0000000008001abc       0x50 ./Core/Src/stm32l0xx_nucleo_bus.o
                0x0000000008001abc                BSP_I2C1_DeInit
 .text.BSP_I2C1_WriteReg
                0x0000000008001b0c       0x78 ./Core/Src/stm32l0xx_nucleo_bus.o
                0x0000000008001b0c                BSP_I2C1_WriteReg
 .text.BSP_I2C1_ReadReg
                0x0000000008001b84       0x78 ./Core/Src/stm32l0xx_nucleo_bus.o
                0x0000000008001b84                BSP_I2C1_ReadReg
 .text.BSP_GetTick
                0x0000000008001bfc       0x10 ./Core/Src/stm32l0xx_nucleo_bus.o
                0x0000000008001bfc                BSP_GetTick
 .text.MX_I2C1_Init
                0x0000000008001c0c       0x9c ./Core/Src/stm32l0xx_nucleo_bus.o
                0x0000000008001c0c                MX_I2C1_Init
 .text.I2C1_MspInit
                0x0000000008001ca8       0x9c ./Core/Src/stm32l0xx_nucleo_bus.o
 .text.I2C1_MspDeInit
                0x0000000008001d44       0x44 ./Core/Src/stm32l0xx_nucleo_bus.o
 .text._sbrk    0x0000000008001d88       0x6c ./Core/Src/sysmem.o
                0x0000000008001d88                _sbrk
 .text.SystemInit
                0x0000000008001df4        0xa ./Core/Src/system_stm32l0xx.o
                0x0000000008001df4                SystemInit
 *fill*         0x0000000008001dfe        0x2 
 .text.Reset_Handler
                0x0000000008001e00       0x50 ./Core/Startup/startup_stm32l073rztx.o
                0x0000000008001e00                Reset_Handler
 .text.Default_Handler
                0x0000000008001e50        0x2 ./Core/Startup/startup_stm32l073rztx.o
                0x0000000008001e50                TSC_IRQHandler
                0x0000000008001e50                ADC1_COMP_IRQHandler
                0x0000000008001e50                PVD_IRQHandler
                0x0000000008001e50                I2C1_IRQHandler
                0x0000000008001e50                RCC_CRS_IRQHandler
                0x0000000008001e50                SPI1_IRQHandler
                0x0000000008001e50                TIM6_DAC_IRQHandler
                0x0000000008001e50                EXTI2_3_IRQHandler
                0x0000000008001e50                I2C2_IRQHandler
                0x0000000008001e50                RTC_IRQHandler
                0x0000000008001e50                LCD_IRQHandler
                0x0000000008001e50                DMA1_Channel1_IRQHandler
                0x0000000008001e50                USART4_5_IRQHandler
                0x0000000008001e50                Default_Handler
                0x0000000008001e50                TIM22_IRQHandler
                0x0000000008001e50                TIM7_IRQHandler
                0x0000000008001e50                EXTI0_1_IRQHandler
                0x0000000008001e50                USB_IRQHandler
                0x0000000008001e50                I2C3_IRQHandler
                0x0000000008001e50                SPI2_IRQHandler
                0x0000000008001e50                TIM21_IRQHandler
                0x0000000008001e50                WWDG_IRQHandler
                0x0000000008001e50                TIM2_IRQHandler
                0x0000000008001e50                DMA1_Channel2_3_IRQHandler
                0x0000000008001e50                USART2_IRQHandler
                0x0000000008001e50                FLASH_IRQHandler
                0x0000000008001e50                USART1_IRQHandler
                0x0000000008001e50                RNG_LPUART1_IRQHandler
                0x0000000008001e50                LPTIM1_IRQHandler
 *fill*         0x0000000008001e52        0x2 
 .text.HTS221_RegisterBusIO
                0x0000000008001e54       0x90 ./Drivers/BSP/Components/hts221/hts221.o
                0x0000000008001e54                HTS221_RegisterBusIO
 .text.HTS221_Init
                0x0000000008001ee4       0x36 ./Drivers/BSP/Components/hts221/hts221.o
                0x0000000008001ee4                HTS221_Init
 .text.HTS221_DeInit
                0x0000000008001f1a       0x48 ./Drivers/BSP/Components/hts221/hts221.o
                0x0000000008001f1a                HTS221_DeInit
 .text.HTS221_ReadID
                0x0000000008001f62       0x2c ./Drivers/BSP/Components/hts221/hts221.o
                0x0000000008001f62                HTS221_ReadID
 *fill*         0x0000000008001f8e        0x2 
 .text.HTS221_GetCapabilities
                0x0000000008001f90       0x44 ./Drivers/BSP/Components/hts221/hts221.o
                0x0000000008001f90                HTS221_GetCapabilities
 .text.HTS221_HUM_Enable
                0x0000000008001fd4       0x48 ./Drivers/BSP/Components/hts221/hts221.o
                0x0000000008001fd4                HTS221_HUM_Enable
 .text.HTS221_HUM_Disable
                0x000000000800201c       0x48 ./Drivers/BSP/Components/hts221/hts221.o
                0x000000000800201c                HTS221_HUM_Disable
 .text.HTS221_HUM_GetOutputDataRate
                0x0000000008002064       0x20 ./Drivers/BSP/Components/hts221/hts221.o
                0x0000000008002064                HTS221_HUM_GetOutputDataRate
 .text.HTS221_HUM_SetOutputDataRate
                0x0000000008002084       0x20 ./Drivers/BSP/Components/hts221/hts221.o
                0x0000000008002084                HTS221_HUM_SetOutputDataRate
 .text.HTS221_HUM_GetHumidity
                0x00000000080020a4       0xfc ./Drivers/BSP/Components/hts221/hts221.o
                0x00000000080020a4                HTS221_HUM_GetHumidity
 .text.HTS221_TEMP_Enable
                0x00000000080021a0       0x48 ./Drivers/BSP/Components/hts221/hts221.o
                0x00000000080021a0                HTS221_TEMP_Enable
 .text.HTS221_TEMP_Disable
                0x00000000080021e8       0x48 ./Drivers/BSP/Components/hts221/hts221.o
                0x00000000080021e8                HTS221_TEMP_Disable
 .text.HTS221_TEMP_GetOutputDataRate
                0x0000000008002230       0x20 ./Drivers/BSP/Components/hts221/hts221.o
                0x0000000008002230                HTS221_TEMP_GetOutputDataRate
 .text.HTS221_TEMP_SetOutputDataRate
                0x0000000008002250       0x20 ./Drivers/BSP/Components/hts221/hts221.o
                0x0000000008002250                HTS221_TEMP_SetOutputDataRate
 .text.HTS221_TEMP_GetTemperature
                0x0000000008002270       0xca ./Drivers/BSP/Components/hts221/hts221.o
                0x0000000008002270                HTS221_TEMP_GetTemperature
 *fill*         0x000000000800233a        0x2 
 .text.HTS221_GetOutputDataRate
                0x000000000800233c       0x80 ./Drivers/BSP/Components/hts221/hts221.o
 .text.HTS221_SetOutputDataRate
                0x00000000080023bc       0x60 ./Drivers/BSP/Components/hts221/hts221.o
 .text.HTS221_Initialize
                0x000000000800241c       0x56 ./Drivers/BSP/Components/hts221/hts221.o
 .text.Linear_Interpolation
                0x0000000008002472       0x88 ./Drivers/BSP/Components/hts221/hts221.o
 .text.ReadRegWrap
                0x00000000080024fa       0x7a ./Drivers/BSP/Components/hts221/hts221.o
 .text.WriteRegWrap
                0x0000000008002574       0x7a ./Drivers/BSP/Components/hts221/hts221.o
 .text.hts221_read_reg
                0x00000000080025ee       0x42 ./Drivers/BSP/Components/hts221/hts221_reg.o
                0x00000000080025ee                hts221_read_reg
 .text.hts221_write_reg
                0x0000000008002630       0x42 ./Drivers/BSP/Components/hts221/hts221_reg.o
                0x0000000008002630                hts221_write_reg
 .text.hts221_data_rate_set
                0x0000000008002672       0x60 ./Drivers/BSP/Components/hts221/hts221_reg.o
                0x0000000008002672                hts221_data_rate_set
 .text.hts221_data_rate_get
                0x00000000080026d2       0x6e ./Drivers/BSP/Components/hts221/hts221_reg.o
                0x00000000080026d2                hts221_data_rate_get
 .text.hts221_block_data_update_set
                0x0000000008002740       0x60 ./Drivers/BSP/Components/hts221/hts221_reg.o
                0x0000000008002740                hts221_block_data_update_set
 .text.hts221_humidity_raw_get
                0x00000000080027a0       0x4e ./Drivers/BSP/Components/hts221/hts221_reg.o
                0x00000000080027a0                hts221_humidity_raw_get
 .text.hts221_temperature_raw_get
                0x00000000080027ee       0x4e ./Drivers/BSP/Components/hts221/hts221_reg.o
                0x00000000080027ee                hts221_temperature_raw_get
 .text.hts221_device_id_get
                0x000000000800283c       0x24 ./Drivers/BSP/Components/hts221/hts221_reg.o
                0x000000000800283c                hts221_device_id_get
 .text.hts221_power_on_set
                0x0000000008002860       0x5c ./Drivers/BSP/Components/hts221/hts221_reg.o
                0x0000000008002860                hts221_power_on_set
 .text.hts221_hum_rh_point_0_get
                0x00000000080028bc       0x44 ./Drivers/BSP/Components/hts221/hts221_reg.o
                0x00000000080028bc                hts221_hum_rh_point_0_get
 .text.hts221_hum_rh_point_1_get
                0x0000000008002900       0x44 ./Drivers/BSP/Components/hts221/hts221_reg.o
                0x0000000008002900                hts221_hum_rh_point_1_get
 .text.hts221_temp_deg_point_0_get
                0x0000000008002944       0x74 ./Drivers/BSP/Components/hts221/hts221_reg.o
                0x0000000008002944                hts221_temp_deg_point_0_get
 .text.hts221_temp_deg_point_1_get
                0x00000000080029b8       0x74 ./Drivers/BSP/Components/hts221/hts221_reg.o
                0x00000000080029b8                hts221_temp_deg_point_1_get
 .text.hts221_hum_adc_point_0_get
                0x0000000008002a2c       0x54 ./Drivers/BSP/Components/hts221/hts221_reg.o
                0x0000000008002a2c                hts221_hum_adc_point_0_get
 .text.hts221_hum_adc_point_1_get
                0x0000000008002a80       0x54 ./Drivers/BSP/Components/hts221/hts221_reg.o
                0x0000000008002a80                hts221_hum_adc_point_1_get
 .text.hts221_temp_adc_point_0_get
                0x0000000008002ad4       0x54 ./Drivers/BSP/Components/hts221/hts221_reg.o
                0x0000000008002ad4                hts221_temp_adc_point_0_get
 .text.hts221_temp_adc_point_1_get
                0x0000000008002b28       0x54 ./Drivers/BSP/Components/hts221/hts221_reg.o
                0x0000000008002b28                hts221_temp_adc_point_1_get
 .text.LIS2DW12_RegisterBusIO
                0x0000000008002b7c       0xcc ./Drivers/BSP/Components/lis2dw12/lis2dw12.o
                0x0000000008002b7c                LIS2DW12_RegisterBusIO
 .text.LIS2DW12_Init
                0x0000000008002c48       0xb8 ./Drivers/BSP/Components/lis2dw12/lis2dw12.o
                0x0000000008002c48                LIS2DW12_Init
 .text.LIS2DW12_DeInit
                0x0000000008002d00       0x42 ./Drivers/BSP/Components/lis2dw12/lis2dw12.o
                0x0000000008002d00                LIS2DW12_DeInit
 .text.LIS2DW12_ReadID
                0x0000000008002d42       0x2c ./Drivers/BSP/Components/lis2dw12/lis2dw12.o
                0x0000000008002d42                LIS2DW12_ReadID
 *fill*         0x0000000008002d6e        0x2 
 .text.LIS2DW12_GetCapabilities
                0x0000000008002d70       0x54 ./Drivers/BSP/Components/lis2dw12/lis2dw12.o
                0x0000000008002d70                LIS2DW12_GetCapabilities
 .text.LIS2DW12_ACC_Enable
                0x0000000008002dc4       0x48 ./Drivers/BSP/Components/lis2dw12/lis2dw12.o
                0x0000000008002dc4                LIS2DW12_ACC_Enable
 .text.LIS2DW12_ACC_Disable
                0x0000000008002e0c       0x3e ./Drivers/BSP/Components/lis2dw12/lis2dw12.o
                0x0000000008002e0c                LIS2DW12_ACC_Disable
 *fill*         0x0000000008002e4a        0x2 
 .text.LIS2DW12_ACC_GetSensitivity
                0x0000000008002e4c      0x128 ./Drivers/BSP/Components/lis2dw12/lis2dw12.o
                0x0000000008002e4c                LIS2DW12_ACC_GetSensitivity
 .text.LIS2DW12_ACC_GetOutputDataRate
                0x0000000008002f74      0x1ac ./Drivers/BSP/Components/lis2dw12/lis2dw12.o
                0x0000000008002f74                LIS2DW12_ACC_GetOutputDataRate
 .text.LIS2DW12_ACC_SetOutputDataRate
                0x0000000008003120       0x20 ./Drivers/BSP/Components/lis2dw12/lis2dw12.o
                0x0000000008003120                LIS2DW12_ACC_SetOutputDataRate
 .text.LIS2DW12_ACC_SetOutputDataRate_With_Mode
                0x0000000008003140       0x52 ./Drivers/BSP/Components/lis2dw12/lis2dw12.o
                0x0000000008003140                LIS2DW12_ACC_SetOutputDataRate_With_Mode
 .text.LIS2DW12_ACC_GetFullScale
                0x0000000008003192       0x7e ./Drivers/BSP/Components/lis2dw12/lis2dw12.o
                0x0000000008003192                LIS2DW12_ACC_GetFullScale
 .text.LIS2DW12_ACC_SetFullScale
                0x0000000008003210       0x56 ./Drivers/BSP/Components/lis2dw12/lis2dw12.o
                0x0000000008003210                LIS2DW12_ACC_SetFullScale
 *fill*         0x0000000008003266        0x2 
 .text.LIS2DW12_ACC_GetAxesRaw
                0x0000000008003268       0xf4 ./Drivers/BSP/Components/lis2dw12/lis2dw12.o
                0x0000000008003268                LIS2DW12_ACC_GetAxesRaw
 .text.LIS2DW12_ACC_GetAxes
                0x000000000800335c       0xbc ./Drivers/BSP/Components/lis2dw12/lis2dw12.o
                0x000000000800335c                LIS2DW12_ACC_GetAxes
 .text.LIS2DW12_Write_Reg
                0x0000000008003418       0x3e ./Drivers/BSP/Components/lis2dw12/lis2dw12.o
                0x0000000008003418                LIS2DW12_Write_Reg
 *fill*         0x0000000008003456        0x2 
 .text.LIS2DW12_ACC_SetOutputDataRate_When_Enabled
                0x0000000008003458      0x228 ./Drivers/BSP/Components/lis2dw12/lis2dw12.o
 .text.LIS2DW12_ACC_SetOutputDataRate_When_Disabled
                0x0000000008003680       0xe0 ./Drivers/BSP/Components/lis2dw12/lis2dw12.o
 .text.ReadRegWrap
                0x0000000008003760       0x44 ./Drivers/BSP/Components/lis2dw12/lis2dw12.o
 .text.WriteRegWrap
                0x00000000080037a4       0x44 ./Drivers/BSP/Components/lis2dw12/lis2dw12.o
 .text.lis2dw12_read_reg
                0x00000000080037e8       0x42 ./Drivers/BSP/Components/lis2dw12/lis2dw12_reg.o
                0x00000000080037e8                lis2dw12_read_reg
 .text.lis2dw12_write_reg
                0x000000000800382a       0x42 ./Drivers/BSP/Components/lis2dw12/lis2dw12_reg.o
                0x000000000800382a                lis2dw12_write_reg
 .text.lis2dw12_power_mode_set
                0x000000000800386c       0xd8 ./Drivers/BSP/Components/lis2dw12/lis2dw12_reg.o
                0x000000000800386c                lis2dw12_power_mode_set
 .text.lis2dw12_power_mode_get
                0x0000000008003944      0x114 ./Drivers/BSP/Components/lis2dw12/lis2dw12_reg.o
                0x0000000008003944                lis2dw12_power_mode_get
 .text.lis2dw12_data_rate_set
                0x0000000008003a58       0xb0 ./Drivers/BSP/Components/lis2dw12/lis2dw12_reg.o
                0x0000000008003a58                lis2dw12_data_rate_set
 .text.lis2dw12_data_rate_get
                0x0000000008003b08       0xd4 ./Drivers/BSP/Components/lis2dw12/lis2dw12_reg.o
                0x0000000008003b08                lis2dw12_data_rate_get
 .text.lis2dw12_block_data_update_set
                0x0000000008003bdc       0x60 ./Drivers/BSP/Components/lis2dw12/lis2dw12_reg.o
                0x0000000008003bdc                lis2dw12_block_data_update_set
 .text.lis2dw12_full_scale_set
                0x0000000008003c3c       0x60 ./Drivers/BSP/Components/lis2dw12/lis2dw12_reg.o
                0x0000000008003c3c                lis2dw12_full_scale_set
 .text.lis2dw12_full_scale_get
                0x0000000008003c9c       0x6e ./Drivers/BSP/Components/lis2dw12/lis2dw12_reg.o
                0x0000000008003c9c                lis2dw12_full_scale_get
 .text.lis2dw12_acceleration_raw_get
                0x0000000008003d0a       0xa6 ./Drivers/BSP/Components/lis2dw12/lis2dw12_reg.o
                0x0000000008003d0a                lis2dw12_acceleration_raw_get
 .text.lis2dw12_device_id_get
                0x0000000008003db0       0x24 ./Drivers/BSP/Components/lis2dw12/lis2dw12_reg.o
                0x0000000008003db0                lis2dw12_device_id_get
 .text.lis2dw12_auto_increment_set
                0x0000000008003dd4       0x60 ./Drivers/BSP/Components/lis2dw12/lis2dw12_reg.o
                0x0000000008003dd4                lis2dw12_auto_increment_set
 .text.lis2dw12_fifo_mode_set
                0x0000000008003e34       0x5c ./Drivers/BSP/Components/lis2dw12/lis2dw12_reg.o
                0x0000000008003e34                lis2dw12_fifo_mode_set
 .text.LIS2MDL_RegisterBusIO
                0x0000000008003e90       0xf8 ./Drivers/BSP/Components/lis2mdl/lis2mdl.o
                0x0000000008003e90                LIS2MDL_RegisterBusIO
 .text.LIS2MDL_Init
                0x0000000008003f88      0x10a ./Drivers/BSP/Components/lis2mdl/lis2mdl.o
                0x0000000008003f88                LIS2MDL_Init
 .text.LIS2MDL_DeInit
                0x0000000008004092       0x2c ./Drivers/BSP/Components/lis2mdl/lis2mdl.o
                0x0000000008004092                LIS2MDL_DeInit
 .text.LIS2MDL_ReadID
                0x00000000080040be       0x4a ./Drivers/BSP/Components/lis2mdl/lis2mdl.o
                0x00000000080040be                LIS2MDL_ReadID
 .text.LIS2MDL_GetCapabilities
                0x0000000008004108       0x54 ./Drivers/BSP/Components/lis2mdl/lis2mdl.o
                0x0000000008004108                LIS2MDL_GetCapabilities
 .text.LIS2MDL_MAG_Enable
                0x000000000800415c       0x80 ./Drivers/BSP/Components/lis2mdl/lis2mdl.o
                0x000000000800415c                LIS2MDL_MAG_Enable
 .text.LIS2MDL_MAG_Disable
                0x00000000080041dc       0x86 ./Drivers/BSP/Components/lis2mdl/lis2mdl.o
                0x00000000080041dc                LIS2MDL_MAG_Disable
 .text.LIS2MDL_MAG_GetSensitivity
                0x0000000008004262       0x1c ./Drivers/BSP/Components/lis2mdl/lis2mdl.o
                0x0000000008004262                LIS2MDL_MAG_GetSensitivity
 *fill*         0x000000000800427e        0x2 
 .text.LIS2MDL_MAG_GetOutputDataRate
                0x0000000008004280       0x88 ./Drivers/BSP/Components/lis2mdl/lis2mdl.o
                0x0000000008004280                LIS2MDL_MAG_GetOutputDataRate
 .text.LIS2MDL_MAG_SetOutputDataRate
                0x0000000008004308       0xd0 ./Drivers/BSP/Components/lis2mdl/lis2mdl.o
                0x0000000008004308                LIS2MDL_MAG_SetOutputDataRate
 .text.LIS2MDL_MAG_GetFullScale
                0x00000000080043d8       0x1a ./Drivers/BSP/Components/lis2mdl/lis2mdl.o
                0x00000000080043d8                LIS2MDL_MAG_GetFullScale
 .text.LIS2MDL_MAG_SetFullScale
                0x00000000080043f2       0x14 ./Drivers/BSP/Components/lis2mdl/lis2mdl.o
                0x00000000080043f2                LIS2MDL_MAG_SetFullScale
 .text.LIS2MDL_MAG_GetAxesRaw
                0x0000000008004406       0x4e ./Drivers/BSP/Components/lis2mdl/lis2mdl.o
                0x0000000008004406                LIS2MDL_MAG_GetAxesRaw
 .text.LIS2MDL_MAG_GetAxes
                0x0000000008004454      0x148 ./Drivers/BSP/Components/lis2mdl/lis2mdl.o
                0x0000000008004454                LIS2MDL_MAG_GetAxes
 .text.LIS2MDL_Write_Reg
                0x000000000800459c       0x5e ./Drivers/BSP/Components/lis2mdl/lis2mdl.o
                0x000000000800459c                LIS2MDL_Write_Reg
 .text.ReadMagRegWrap
                0x00000000080045fa       0xa2 ./Drivers/BSP/Components/lis2mdl/lis2mdl.o
 .text.WriteMagRegWrap
                0x000000000800469c       0xa2 ./Drivers/BSP/Components/lis2mdl/lis2mdl.o
 .text.LSM6DSOX_SENSORHUB_LIS2MDL_ReadShData
                0x000000000800473e      0x2ce ./Drivers/BSP/Components/lis2mdl/lis2mdl.o
 .text.LSM6DSOX_SENSORHUB_LIS2MDL_WriteShData
                0x0000000008004a0c      0x284 ./Drivers/BSP/Components/lis2mdl/lis2mdl.o
 .text.lis2mdl_read_reg
                0x0000000008004c90       0x42 ./Drivers/BSP/Components/lis2mdl/lis2mdl_reg.o
                0x0000000008004c90                lis2mdl_read_reg
 .text.lis2mdl_write_reg
                0x0000000008004cd2       0x42 ./Drivers/BSP/Components/lis2mdl/lis2mdl_reg.o
                0x0000000008004cd2                lis2mdl_write_reg
 .text.lis2mdl_operating_mode_set
                0x0000000008004d14       0x60 ./Drivers/BSP/Components/lis2mdl/lis2mdl_reg.o
                0x0000000008004d14                lis2mdl_operating_mode_set
 .text.lis2mdl_data_rate_set
                0x0000000008004d74       0x60 ./Drivers/BSP/Components/lis2mdl/lis2mdl_reg.o
                0x0000000008004d74                lis2mdl_data_rate_set
 .text.lis2mdl_data_rate_get
                0x0000000008004dd4       0x6e ./Drivers/BSP/Components/lis2mdl/lis2mdl_reg.o
                0x0000000008004dd4                lis2mdl_data_rate_get
 .text.lis2mdl_block_data_update_set
                0x0000000008004e42       0x60 ./Drivers/BSP/Components/lis2mdl/lis2mdl_reg.o
                0x0000000008004e42                lis2mdl_block_data_update_set
 .text.lis2mdl_magnetic_raw_get
                0x0000000008004ea2       0xa6 ./Drivers/BSP/Components/lis2mdl/lis2mdl_reg.o
                0x0000000008004ea2                lis2mdl_magnetic_raw_get
 .text.lis2mdl_device_id_get
                0x0000000008004f48       0x24 ./Drivers/BSP/Components/lis2mdl/lis2mdl_reg.o
                0x0000000008004f48                lis2mdl_device_id_get
 .text.lis2mdl_self_test_set
                0x0000000008004f6c       0x60 ./Drivers/BSP/Components/lis2mdl/lis2mdl_reg.o
                0x0000000008004f6c                lis2mdl_self_test_set
 .text.lis2mdl_i2c_interface_set
                0x0000000008004fcc       0x60 ./Drivers/BSP/Components/lis2mdl/lis2mdl_reg.o
                0x0000000008004fcc                lis2mdl_i2c_interface_set
 .text.LPS22HH_RegisterBusIO
                0x000000000800502c       0xcc ./Drivers/BSP/Components/lps22hh/lps22hh.o
                0x000000000800502c                LPS22HH_RegisterBusIO
 .text.LPS22HH_Init
                0x00000000080050f8       0x36 ./Drivers/BSP/Components/lps22hh/lps22hh.o
                0x00000000080050f8                LPS22HH_Init
 .text.LPS22HH_DeInit
                0x000000000800512e       0x48 ./Drivers/BSP/Components/lps22hh/lps22hh.o
                0x000000000800512e                LPS22HH_DeInit
 .text.LPS22HH_ReadID
                0x0000000008005176       0x2c ./Drivers/BSP/Components/lps22hh/lps22hh.o
                0x0000000008005176                LPS22HH_ReadID
 *fill*         0x00000000080051a2        0x2 
 .text.LPS22HH_GetCapabilities
                0x00000000080051a4       0x44 ./Drivers/BSP/Components/lps22hh/lps22hh.o
                0x00000000080051a4                LPS22HH_GetCapabilities
 .text.LPS22HH_PRESS_Enable
                0x00000000080051e8       0x46 ./Drivers/BSP/Components/lps22hh/lps22hh.o
                0x00000000080051e8                LPS22HH_PRESS_Enable
 .text.LPS22HH_PRESS_Disable
                0x000000000800522e       0x64 ./Drivers/BSP/Components/lps22hh/lps22hh.o
                0x000000000800522e                LPS22HH_PRESS_Disable
 .text.LPS22HH_PRESS_GetOutputDataRate
                0x0000000008005292       0x20 ./Drivers/BSP/Components/lps22hh/lps22hh.o
                0x0000000008005292                LPS22HH_PRESS_GetOutputDataRate
 .text.LPS22HH_PRESS_SetOutputDataRate
                0x00000000080052b2       0x3a ./Drivers/BSP/Components/lps22hh/lps22hh.o
                0x00000000080052b2                LPS22HH_PRESS_SetOutputDataRate
 .text.LPS22HH_PRESS_GetPressure
                0x00000000080052ec       0x48 ./Drivers/BSP/Components/lps22hh/lps22hh.o
                0x00000000080052ec                LPS22HH_PRESS_GetPressure
 .text.LPS22HH_TEMP_Enable
                0x0000000008005334       0x46 ./Drivers/BSP/Components/lps22hh/lps22hh.o
                0x0000000008005334                LPS22HH_TEMP_Enable
 .text.LPS22HH_TEMP_Disable
                0x000000000800537a       0x64 ./Drivers/BSP/Components/lps22hh/lps22hh.o
                0x000000000800537a                LPS22HH_TEMP_Disable
 .text.LPS22HH_TEMP_GetOutputDataRate
                0x00000000080053de       0x20 ./Drivers/BSP/Components/lps22hh/lps22hh.o
                0x00000000080053de                LPS22HH_TEMP_GetOutputDataRate
 .text.LPS22HH_TEMP_SetOutputDataRate
                0x00000000080053fe       0x3a ./Drivers/BSP/Components/lps22hh/lps22hh.o
                0x00000000080053fe                LPS22HH_TEMP_SetOutputDataRate
 .text.LPS22HH_TEMP_GetTemperature
                0x0000000008005438       0x4e ./Drivers/BSP/Components/lps22hh/lps22hh.o
                0x0000000008005438                LPS22HH_TEMP_GetTemperature
 .text.LPS22HH_Write_Reg
                0x0000000008005486       0x3e ./Drivers/BSP/Components/lps22hh/lps22hh.o
                0x0000000008005486                LPS22HH_Write_Reg
 .text.LPS22HH_GetOutputDataRate
                0x00000000080054c4       0xac ./Drivers/BSP/Components/lps22hh/lps22hh.o
 .text.LPS22HH_SetOutputDataRate_When_Enabled
                0x0000000008005570       0xcc ./Drivers/BSP/Components/lps22hh/lps22hh.o
 .text.LPS22HH_SetOutputDataRate_When_Disabled
                0x000000000800563c       0x94 ./Drivers/BSP/Components/lps22hh/lps22hh.o
 .text.LPS22HH_Initialize
                0x00000000080056d0       0x88 ./Drivers/BSP/Components/lps22hh/lps22hh.o
 .text.ReadRegWrap
                0x0000000008005758       0x44 ./Drivers/BSP/Components/lps22hh/lps22hh.o
 .text.WriteRegWrap
                0x000000000800579c       0x44 ./Drivers/BSP/Components/lps22hh/lps22hh.o
 .text.lps22hh_read_reg
                0x00000000080057e0       0x42 ./Drivers/BSP/Components/lps22hh/lps22hh_reg.o
                0x00000000080057e0                lps22hh_read_reg
 .text.lps22hh_write_reg
                0x0000000008005822       0x42 ./Drivers/BSP/Components/lps22hh/lps22hh_reg.o
                0x0000000008005822                lps22hh_write_reg
 .text.lps22hh_from_lsb_to_hpa
                0x0000000008005864       0x24 ./Drivers/BSP/Components/lps22hh/lps22hh_reg.o
                0x0000000008005864                lps22hh_from_lsb_to_hpa
 .text.lps22hh_from_lsb_to_celsius
                0x0000000008005888       0x30 ./Drivers/BSP/Components/lps22hh/lps22hh_reg.o
                0x0000000008005888                lps22hh_from_lsb_to_celsius
 .text.lps22hh_block_data_update_set
                0x00000000080058b8       0x60 ./Drivers/BSP/Components/lps22hh/lps22hh_reg.o
                0x00000000080058b8                lps22hh_block_data_update_set
 .text.lps22hh_data_rate_set
                0x0000000008005918       0xda ./Drivers/BSP/Components/lps22hh/lps22hh_reg.o
                0x0000000008005918                lps22hh_data_rate_set
 *fill*         0x00000000080059f2        0x2 
 .text.lps22hh_data_rate_get
                0x00000000080059f4      0x10c ./Drivers/BSP/Components/lps22hh/lps22hh_reg.o
                0x00000000080059f4                lps22hh_data_rate_get
 .text.lps22hh_pressure_raw_get
                0x0000000008005b00       0x5c ./Drivers/BSP/Components/lps22hh/lps22hh_reg.o
                0x0000000008005b00                lps22hh_pressure_raw_get
 .text.lps22hh_temperature_raw_get
                0x0000000008005b5c       0x4e ./Drivers/BSP/Components/lps22hh/lps22hh_reg.o
                0x0000000008005b5c                lps22hh_temperature_raw_get
 .text.lps22hh_device_id_get
                0x0000000008005baa       0x24 ./Drivers/BSP/Components/lps22hh/lps22hh_reg.o
                0x0000000008005baa                lps22hh_device_id_get
 .text.lps22hh_auto_increment_set
                0x0000000008005bce       0x60 ./Drivers/BSP/Components/lps22hh/lps22hh_reg.o
                0x0000000008005bce                lps22hh_auto_increment_set
 .text.lps22hh_lp_bandwidth_set
                0x0000000008005c2e       0x60 ./Drivers/BSP/Components/lps22hh/lps22hh_reg.o
                0x0000000008005c2e                lps22hh_lp_bandwidth_set
 .text.lps22hh_i3c_interface_set
                0x0000000008005c8e       0x80 ./Drivers/BSP/Components/lps22hh/lps22hh_reg.o
                0x0000000008005c8e                lps22hh_i3c_interface_set
 *fill*         0x0000000008005d0e        0x2 
 .text.LSM6DSO_RegisterBusIO
                0x0000000008005d10       0xcc ./Drivers/BSP/Components/lsm6dso/lsm6dso.o
                0x0000000008005d10                LSM6DSO_RegisterBusIO
 .text.LSM6DSO_Init
                0x0000000008005ddc       0xda ./Drivers/BSP/Components/lsm6dso/lsm6dso.o
                0x0000000008005ddc                LSM6DSO_Init
 .text.LSM6DSO_DeInit
                0x0000000008005eb6       0x4e ./Drivers/BSP/Components/lsm6dso/lsm6dso.o
                0x0000000008005eb6                LSM6DSO_DeInit
 .text.LSM6DSO_ReadID
                0x0000000008005f04       0x2c ./Drivers/BSP/Components/lsm6dso/lsm6dso.o
                0x0000000008005f04                LSM6DSO_ReadID
 .text.LSM6DSO_GetCapabilities
                0x0000000008005f30       0x58 ./Drivers/BSP/Components/lsm6dso/lsm6dso.o
                0x0000000008005f30                LSM6DSO_GetCapabilities
 .text.LSM6DSO_ACC_Enable
                0x0000000008005f88       0x46 ./Drivers/BSP/Components/lsm6dso/lsm6dso.o
                0x0000000008005f88                LSM6DSO_ACC_Enable
 .text.LSM6DSO_ACC_Disable
                0x0000000008005fce       0x5a ./Drivers/BSP/Components/lsm6dso/lsm6dso.o
                0x0000000008005fce                LSM6DSO_ACC_Disable
 .text.LSM6DSO_ACC_GetSensitivity
                0x0000000008006028       0x88 ./Drivers/BSP/Components/lsm6dso/lsm6dso.o
                0x0000000008006028                LSM6DSO_ACC_GetSensitivity
 .text.LSM6DSO_ACC_GetOutputDataRate
                0x00000000080060b0       0xe0 ./Drivers/BSP/Components/lsm6dso/lsm6dso.o
                0x00000000080060b0                LSM6DSO_ACC_GetOutputDataRate
 .text.LSM6DSO_ACC_SetOutputDataRate
                0x0000000008006190       0x20 ./Drivers/BSP/Components/lsm6dso/lsm6dso.o
                0x0000000008006190                LSM6DSO_ACC_SetOutputDataRate
 .text.LSM6DSO_ACC_SetOutputDataRate_With_Mode
                0x00000000080061b0      0x324 ./Drivers/BSP/Components/lsm6dso/lsm6dso.o
                0x00000000080061b0                LSM6DSO_ACC_SetOutputDataRate_With_Mode
 .text.LSM6DSO_ACC_GetFullScale
                0x00000000080064d4       0x76 ./Drivers/BSP/Components/lsm6dso/lsm6dso.o
                0x00000000080064d4                LSM6DSO_ACC_GetFullScale
 .text.LSM6DSO_ACC_SetFullScale
                0x000000000800654a       0x56 ./Drivers/BSP/Components/lsm6dso/lsm6dso.o
                0x000000000800654a                LSM6DSO_ACC_SetFullScale
 .text.LSM6DSO_ACC_GetAxesRaw
                0x00000000080065a0       0x4e ./Drivers/BSP/Components/lsm6dso/lsm6dso.o
                0x00000000080065a0                LSM6DSO_ACC_GetAxesRaw
 .text.LSM6DSO_ACC_GetAxes
                0x00000000080065ee       0xbe ./Drivers/BSP/Components/lsm6dso/lsm6dso.o
                0x00000000080065ee                LSM6DSO_ACC_GetAxes
 .text.LSM6DSO_GYRO_Enable
                0x00000000080066ac       0x46 ./Drivers/BSP/Components/lsm6dso/lsm6dso.o
                0x00000000080066ac                LSM6DSO_GYRO_Enable
 .text.LSM6DSO_GYRO_Disable
                0x00000000080066f2       0x5a ./Drivers/BSP/Components/lsm6dso/lsm6dso.o
                0x00000000080066f2                LSM6DSO_GYRO_Disable
 .text.LSM6DSO_GYRO_GetSensitivity
                0x000000000800674c       0x90 ./Drivers/BSP/Components/lsm6dso/lsm6dso.o
                0x000000000800674c                LSM6DSO_GYRO_GetSensitivity
 .text.LSM6DSO_GYRO_GetOutputDataRate
                0x00000000080067dc       0xd4 ./Drivers/BSP/Components/lsm6dso/lsm6dso.o
                0x00000000080067dc                LSM6DSO_GYRO_GetOutputDataRate
 .text.LSM6DSO_GYRO_SetOutputDataRate
                0x00000000080068b0       0x20 ./Drivers/BSP/Components/lsm6dso/lsm6dso.o
                0x00000000080068b0                LSM6DSO_GYRO_SetOutputDataRate
 .text.LSM6DSO_GYRO_SetOutputDataRate_With_Mode
                0x00000000080068d0      0x12c ./Drivers/BSP/Components/lsm6dso/lsm6dso.o
                0x00000000080068d0                LSM6DSO_GYRO_SetOutputDataRate_With_Mode
 .text.LSM6DSO_GYRO_GetFullScale
                0x00000000080069fc       0x80 ./Drivers/BSP/Components/lsm6dso/lsm6dso.o
                0x00000000080069fc                LSM6DSO_GYRO_GetFullScale
 .text.LSM6DSO_GYRO_SetFullScale
                0x0000000008006a7c       0x68 ./Drivers/BSP/Components/lsm6dso/lsm6dso.o
                0x0000000008006a7c                LSM6DSO_GYRO_SetFullScale
 .text.LSM6DSO_GYRO_GetAxesRaw
                0x0000000008006ae4       0x4e ./Drivers/BSP/Components/lsm6dso/lsm6dso.o
                0x0000000008006ae4                LSM6DSO_GYRO_GetAxesRaw
 .text.LSM6DSO_GYRO_GetAxes
                0x0000000008006b32       0xba ./Drivers/BSP/Components/lsm6dso/lsm6dso.o
                0x0000000008006b32                LSM6DSO_GYRO_GetAxes
 .text.LSM6DSO_Write_Reg
                0x0000000008006bec       0x3e ./Drivers/BSP/Components/lsm6dso/lsm6dso.o
                0x0000000008006bec                LSM6DSO_Write_Reg
 *fill*         0x0000000008006c2a        0x2 
 .text.LSM6DSO_ACC_SetOutputDataRate_When_Enabled
                0x0000000008006c2c      0x100 ./Drivers/BSP/Components/lsm6dso/lsm6dso.o
 .text.LSM6DSO_ACC_SetOutputDataRate_When_Disabled
                0x0000000008006d2c       0xe4 ./Drivers/BSP/Components/lsm6dso/lsm6dso.o
 .text.LSM6DSO_GYRO_SetOutputDataRate_When_Enabled
                0x0000000008006e10       0xec ./Drivers/BSP/Components/lsm6dso/lsm6dso.o
 .text.LSM6DSO_GYRO_SetOutputDataRate_When_Disabled
                0x0000000008006efc       0xd0 ./Drivers/BSP/Components/lsm6dso/lsm6dso.o
 .text.ReadRegWrap
                0x0000000008006fcc       0x44 ./Drivers/BSP/Components/lsm6dso/lsm6dso.o
 .text.WriteRegWrap
                0x0000000008007010       0x44 ./Drivers/BSP/Components/lsm6dso/lsm6dso.o
 .text.lsm6dso_read_reg
                0x0000000008007054       0x42 ./Drivers/BSP/Components/lsm6dso/lsm6dso_reg.o
                0x0000000008007054                lsm6dso_read_reg
 .text.lsm6dso_write_reg
                0x0000000008007096       0x42 ./Drivers/BSP/Components/lsm6dso/lsm6dso_reg.o
                0x0000000008007096                lsm6dso_write_reg
 .text.lsm6dso_xl_full_scale_set
                0x00000000080070d8       0x60 ./Drivers/BSP/Components/lsm6dso/lsm6dso_reg.o
                0x00000000080070d8                lsm6dso_xl_full_scale_set
 .text.lsm6dso_xl_full_scale_get
                0x0000000008007138       0x6e ./Drivers/BSP/Components/lsm6dso/lsm6dso_reg.o
                0x0000000008007138                lsm6dso_xl_full_scale_get
 .text.lsm6dso_xl_data_rate_set
                0x00000000080071a6      0x298 ./Drivers/BSP/Components/lsm6dso/lsm6dso_reg.o
                0x00000000080071a6                lsm6dso_xl_data_rate_set
 *fill*         0x000000000800743e        0x2 
 .text.lsm6dso_xl_data_rate_get
                0x0000000008007440       0xac ./Drivers/BSP/Components/lsm6dso/lsm6dso_reg.o
                0x0000000008007440                lsm6dso_xl_data_rate_get
 .text.lsm6dso_gy_full_scale_set
                0x00000000080074ec       0x60 ./Drivers/BSP/Components/lsm6dso/lsm6dso_reg.o
                0x00000000080074ec                lsm6dso_gy_full_scale_set
 .text.lsm6dso_gy_full_scale_get
                0x000000000800754c       0x74 ./Drivers/BSP/Components/lsm6dso/lsm6dso_reg.o
                0x000000000800754c                lsm6dso_gy_full_scale_get
 .text.lsm6dso_gy_data_rate_set
                0x00000000080075c0      0x298 ./Drivers/BSP/Components/lsm6dso/lsm6dso_reg.o
                0x00000000080075c0                lsm6dso_gy_data_rate_set
 .text.lsm6dso_gy_data_rate_get
                0x0000000008007858       0xa4 ./Drivers/BSP/Components/lsm6dso/lsm6dso_reg.o
                0x0000000008007858                lsm6dso_gy_data_rate_get
 .text.lsm6dso_block_data_update_set
                0x00000000080078fc       0x60 ./Drivers/BSP/Components/lsm6dso/lsm6dso_reg.o
                0x00000000080078fc                lsm6dso_block_data_update_set
 .text.lsm6dso_angular_rate_raw_get
                0x000000000800795c       0xa6 ./Drivers/BSP/Components/lsm6dso/lsm6dso_reg.o
                0x000000000800795c                lsm6dso_angular_rate_raw_get
 .text.lsm6dso_acceleration_raw_get
                0x0000000008007a02       0xa6 ./Drivers/BSP/Components/lsm6dso/lsm6dso_reg.o
                0x0000000008007a02                lsm6dso_acceleration_raw_get
 .text.lsm6dso_mem_bank_set
                0x0000000008007aa8       0x5c ./Drivers/BSP/Components/lsm6dso/lsm6dso_reg.o
                0x0000000008007aa8                lsm6dso_mem_bank_set
 .text.lsm6dso_device_id_get
                0x0000000008007b04       0x24 ./Drivers/BSP/Components/lsm6dso/lsm6dso_reg.o
                0x0000000008007b04                lsm6dso_device_id_get
 .text.lsm6dso_auto_increment_set
                0x0000000008007b28       0x60 ./Drivers/BSP/Components/lsm6dso/lsm6dso_reg.o
                0x0000000008007b28                lsm6dso_auto_increment_set
 .text.lsm6dso_i3c_disable_set
                0x0000000008007b88       0xb6 ./Drivers/BSP/Components/lsm6dso/lsm6dso_reg.o
                0x0000000008007b88                lsm6dso_i3c_disable_set
 .text.lsm6dso_fifo_mode_set
                0x0000000008007c3e       0x60 ./Drivers/BSP/Components/lsm6dso/lsm6dso_reg.o
                0x0000000008007c3e                lsm6dso_fifo_mode_set
 .text.lsm6dso_fsm_enable_get
                0x0000000008007c9e       0x4c ./Drivers/BSP/Components/lsm6dso/lsm6dso_reg.o
                0x0000000008007c9e                lsm6dso_fsm_enable_get
 .text.lsm6dso_fsm_data_rate_get
                0x0000000008007cea       0x98 ./Drivers/BSP/Components/lsm6dso/lsm6dso_reg.o
                0x0000000008007cea                lsm6dso_fsm_data_rate_get
 *fill*         0x0000000008007d82        0x2 
 .text.STTS751_RegisterBusIO
                0x0000000008007d84       0x90 ./Drivers/BSP/Components/stts751/stts751.o
                0x0000000008007d84                STTS751_RegisterBusIO
 .text.STTS751_Init
                0x0000000008007e14       0x6e ./Drivers/BSP/Components/stts751/stts751.o
                0x0000000008007e14                STTS751_Init
 .text.STTS751_DeInit
                0x0000000008007e82       0x36 ./Drivers/BSP/Components/stts751/stts751.o
                0x0000000008007e82                STTS751_DeInit
 .text.STTS751_ReadID
                0x0000000008007eb8       0x38 ./Drivers/BSP/Components/stts751/stts751.o
                0x0000000008007eb8                STTS751_ReadID
 .text.STTS751_GetCapabilities
                0x0000000008007ef0       0x40 ./Drivers/BSP/Components/stts751/stts751.o
                0x0000000008007ef0                STTS751_GetCapabilities
 .text.STTS751_TEMP_Enable
                0x0000000008007f30       0x40 ./Drivers/BSP/Components/stts751/stts751.o
                0x0000000008007f30                STTS751_TEMP_Enable
 .text.STTS751_TEMP_Disable
                0x0000000008007f70       0x58 ./Drivers/BSP/Components/stts751/stts751.o
                0x0000000008007f70                STTS751_TEMP_Disable
 .text.STTS751_TEMP_GetOutputDataRate
                0x0000000008007fc8       0xd0 ./Drivers/BSP/Components/stts751/stts751.o
                0x0000000008007fc8                STTS751_TEMP_GetOutputDataRate
 .text.STTS751_TEMP_SetOutputDataRate
                0x0000000008008098      0x158 ./Drivers/BSP/Components/stts751/stts751.o
                0x0000000008008098                STTS751_TEMP_SetOutputDataRate
 .text.STTS751_TEMP_GetTemperature
                0x00000000080081f0       0x42 ./Drivers/BSP/Components/stts751/stts751.o
                0x00000000080081f0                STTS751_TEMP_GetTemperature
 .text.ReadRegWrap
                0x0000000008008232       0x96 ./Drivers/BSP/Components/stts751/stts751.o
 .text.WriteRegWrap
                0x00000000080082c8       0x96 ./Drivers/BSP/Components/stts751/stts751.o
 .text.stts751_read_reg
                0x000000000800835e       0x42 ./Drivers/BSP/Components/stts751/stts751_reg.o
                0x000000000800835e                stts751_read_reg
 .text.stts751_write_reg
                0x00000000080083a0       0x42 ./Drivers/BSP/Components/stts751/stts751_reg.o
                0x00000000080083a0                stts751_write_reg
 .text.stts751_from_lsb_to_celsius
                0x00000000080083e2       0x2e ./Drivers/BSP/Components/stts751/stts751_reg.o
                0x00000000080083e2                stts751_from_lsb_to_celsius
 .text.stts751_temp_data_rate_set
                0x0000000008008410       0xde ./Drivers/BSP/Components/stts751/stts751_reg.o
                0x0000000008008410                stts751_temp_data_rate_set
 *fill*         0x00000000080084ee        0x2 
 .text.stts751_temp_data_rate_get
                0x00000000080084f0       0xe8 ./Drivers/BSP/Components/stts751/stts751_reg.o
                0x00000000080084f0                stts751_temp_data_rate_get
 .text.stts751_resolution_set
                0x00000000080085d8       0x60 ./Drivers/BSP/Components/stts751/stts751_reg.o
                0x00000000080085d8                stts751_resolution_set
 .text.stts751_resolution_get
                0x0000000008008638       0x6e ./Drivers/BSP/Components/stts751/stts751_reg.o
                0x0000000008008638                stts751_resolution_get
 .text.stts751_temperature_raw_get
                0x00000000080086a6       0x66 ./Drivers/BSP/Components/stts751/stts751_reg.o
                0x00000000080086a6                stts751_temperature_raw_get
 .text.stts751_pin_event_route_set
                0x000000000800870c       0x5c ./Drivers/BSP/Components/stts751/stts751_reg.o
                0x000000000800870c                stts751_pin_event_route_set
 .text.stts751_device_id_get
                0x0000000008008768       0x54 ./Drivers/BSP/Components/stts751/stts751_reg.o
                0x0000000008008768                stts751_device_id_get
 .text.IKS01A3_ENV_SENSOR_Init
                0x00000000080087bc      0x218 ./Drivers/BSP/IKS01A3/iks01a3_env_sensors.o
                0x00000000080087bc                IKS01A3_ENV_SENSOR_Init
 .text.IKS01A3_ENV_SENSOR_Enable
                0x00000000080089d4       0x84 ./Drivers/BSP/IKS01A3/iks01a3_env_sensors.o
                0x00000000080089d4                IKS01A3_ENV_SENSOR_Enable
 .text.IKS01A3_ENV_SENSOR_Disable
                0x0000000008008a58       0x84 ./Drivers/BSP/IKS01A3/iks01a3_env_sensors.o
                0x0000000008008a58                IKS01A3_ENV_SENSOR_Disable
 .text.IKS01A3_ENV_SENSOR_GetValue
                0x0000000008008adc       0x88 ./Drivers/BSP/IKS01A3/iks01a3_env_sensors.o
                0x0000000008008adc                IKS01A3_ENV_SENSOR_GetValue
 .text.HTS221_0_Probe
                0x0000000008008b64      0x18c ./Drivers/BSP/IKS01A3/iks01a3_env_sensors.o
 .text.LPS22HH_0_Probe
                0x0000000008008cf0      0x190 ./Drivers/BSP/IKS01A3/iks01a3_env_sensors.o
 .text.STTS751_0_Probe
                0x0000000008008e80      0x15c ./Drivers/BSP/IKS01A3/iks01a3_env_sensors.o
 .text.IKS01A3_MOTION_SENSOR_Init
                0x0000000008008fdc      0x218 ./Drivers/BSP/IKS01A3/iks01a3_motion_sensors.o
                0x0000000008008fdc                IKS01A3_MOTION_SENSOR_Init
 .text.IKS01A3_MOTION_SENSOR_Enable
                0x00000000080091f4       0x84 ./Drivers/BSP/IKS01A3/iks01a3_motion_sensors.o
                0x00000000080091f4                IKS01A3_MOTION_SENSOR_Enable
 .text.IKS01A3_MOTION_SENSOR_Disable
                0x0000000008009278       0x84 ./Drivers/BSP/IKS01A3/iks01a3_motion_sensors.o
                0x0000000008009278                IKS01A3_MOTION_SENSOR_Disable
 .text.IKS01A3_MOTION_SENSOR_GetAxes
                0x00000000080092fc       0x88 ./Drivers/BSP/IKS01A3/iks01a3_motion_sensors.o
                0x00000000080092fc                IKS01A3_MOTION_SENSOR_GetAxes
 .text.IKS01A3_MOTION_SENSOR_SetOutputDataRate
                0x0000000008009384       0x88 ./Drivers/BSP/IKS01A3/iks01a3_motion_sensors.o
                0x0000000008009384                IKS01A3_MOTION_SENSOR_SetOutputDataRate
 .text.IKS01A3_MOTION_SENSOR_SetFullScale
                0x000000000800940c       0x88 ./Drivers/BSP/IKS01A3/iks01a3_motion_sensors.o
                0x000000000800940c                IKS01A3_MOTION_SENSOR_SetFullScale
 .text.LSM6DSO_0_Probe
                0x0000000008009494      0x18c ./Drivers/BSP/IKS01A3/iks01a3_motion_sensors.o
 .text.LIS2DW12_0_Probe
                0x0000000008009620      0x15c ./Drivers/BSP/IKS01A3/iks01a3_motion_sensors.o
 .text.LIS2MDL_0_Probe
                0x000000000800977c      0x15c ./Drivers/BSP/IKS01A3/iks01a3_motion_sensors.o
 .text.BSP_LED_Init
                0x00000000080098d8       0x28 ./Drivers/BSP/STM32L0xx_Nucleo/stm32l0xx_nucleo.o
                0x00000000080098d8                BSP_LED_Init
 .text.BSP_LED_On
                0x0000000008009900       0x30 ./Drivers/BSP/STM32L0xx_Nucleo/stm32l0xx_nucleo.o
                0x0000000008009900                BSP_LED_On
 .text.BSP_LED_Off
                0x0000000008009930       0x30 ./Drivers/BSP/STM32L0xx_Nucleo/stm32l0xx_nucleo.o
                0x0000000008009930                BSP_LED_Off
 .text.LED_USER_GPIO_Init
                0x0000000008009960       0x88 ./Drivers/BSP/STM32L0xx_Nucleo/stm32l0xx_nucleo.o
 .text.BSP_PB_Init
                0x00000000080099e8       0xb4 ./Drivers/BSP/STM32L0xx_Nucleo/stm32l0xx_nucleo.o
                0x00000000080099e8                BSP_PB_Init
 .text.BSP_PB_GetState
                0x0000000008009a9c       0x38 ./Drivers/BSP/STM32L0xx_Nucleo/stm32l0xx_nucleo.o
                0x0000000008009a9c                BSP_PB_GetState
 .text.BUTTON_USER_EXTI_Callback
                0x0000000008009ad4       0x10 ./Drivers/BSP/STM32L0xx_Nucleo/stm32l0xx_nucleo.o
 .text.BUTTON_USER_GPIO_Init
                0x0000000008009ae4       0x78 ./Drivers/BSP/STM32L0xx_Nucleo/stm32l0xx_nucleo.o
 .text.BSP_COM_Init
                0x0000000008009b5c       0x84 ./Drivers/BSP/STM32L0xx_Nucleo/stm32l0xx_nucleo.o
                0x0000000008009b5c                BSP_COM_Init
 .text.MX_USART2_UART_Init
                0x0000000008009be0       0x74 ./Drivers/BSP/STM32L0xx_Nucleo/stm32l0xx_nucleo.o
                0x0000000008009be0                MX_USART2_UART_Init
 .text.USART2_MspInit
                0x0000000008009c54       0xe8 ./Drivers/BSP/STM32L0xx_Nucleo/stm32l0xx_nucleo.o
 .text.HAL_Init
                0x0000000008009d3c       0x40 ./Drivers/STM32L0xx_HAL_Driver/Src/stm32l0xx_hal.o
                0x0000000008009d3c                HAL_Init
 .text.HAL_InitTick
                0x0000000008009d7c       0x68 ./Drivers/STM32L0xx_HAL_Driver/Src/stm32l0xx_hal.o
                0x0000000008009d7c                HAL_InitTick
 .text.HAL_IncTick
                0x0000000008009de4       0x24 ./Drivers/STM32L0xx_HAL_Driver/Src/stm32l0xx_hal.o
                0x0000000008009de4                HAL_IncTick
 .text.HAL_GetTick
                0x0000000008009e08       0x14 ./Drivers/STM32L0xx_HAL_Driver/Src/stm32l0xx_hal.o
                0x0000000008009e08                HAL_GetTick
 .text.HAL_Delay
                0x0000000008009e1c       0x48 ./Drivers/STM32L0xx_HAL_Driver/Src/stm32l0xx_hal.o
                0x0000000008009e1c                HAL_Delay
 .text.__NVIC_EnableIRQ
                0x0000000008009e64       0x34 ./Drivers/STM32L0xx_HAL_Driver/Src/stm32l0xx_hal_cortex.o
 .text.__NVIC_SetPriority
                0x0000000008009e98       0xdc ./Drivers/STM32L0xx_HAL_Driver/Src/stm32l0xx_hal_cortex.o
 .text.SysTick_Config
                0x0000000008009f74       0x48 ./Drivers/STM32L0xx_HAL_Driver/Src/stm32l0xx_hal_cortex.o
 .text.HAL_NVIC_SetPriority
                0x0000000008009fbc       0x2a ./Drivers/STM32L0xx_HAL_Driver/Src/stm32l0xx_hal_cortex.o
                0x0000000008009fbc                HAL_NVIC_SetPriority
 .text.HAL_NVIC_EnableIRQ
                0x0000000008009fe6       0x20 ./Drivers/STM32L0xx_HAL_Driver/Src/stm32l0xx_hal_cortex.o
                0x0000000008009fe6                HAL_NVIC_EnableIRQ
 .text.HAL_SYSTICK_Config
                0x000000000800a006       0x1a ./Drivers/STM32L0xx_HAL_Driver/Src/stm32l0xx_hal_cortex.o
                0x000000000800a006                HAL_SYSTICK_Config
 .text.HAL_CRC_Init
                0x000000000800a020       0xcc ./Drivers/STM32L0xx_HAL_Driver/Src/stm32l0xx_hal_crc.o
                0x000000000800a020                HAL_CRC_Init
 .text.HAL_CRCEx_Polynomial_Set
                0x000000000800a0ec       0xda ./Drivers/STM32L0xx_HAL_Driver/Src/stm32l0xx_hal_crc_ex.o
                0x000000000800a0ec                HAL_CRCEx_Polynomial_Set
 *fill*         0x000000000800a1c6        0x2 
 .text.HAL_DMA_Init
                0x000000000800a1c8       0xf0 ./Drivers/STM32L0xx_HAL_Driver/Src/stm32l0xx_hal_dma.o
                0x000000000800a1c8                HAL_DMA_Init
 .text.HAL_DMA_Start_IT
                0x000000000800a2b8       0xcc ./Drivers/STM32L0xx_HAL_Driver/Src/stm32l0xx_hal_dma.o
                0x000000000800a2b8                HAL_DMA_Start_IT
 .text.HAL_DMA_IRQHandler
                0x000000000800a384      0x15c ./Drivers/STM32L0xx_HAL_Driver/Src/stm32l0xx_hal_dma.o
                0x000000000800a384                HAL_DMA_IRQHandler
 .text.DMA_SetConfig
                0x000000000800a4e0       0x5c ./Drivers/STM32L0xx_HAL_Driver/Src/stm32l0xx_hal_dma.o
 .text.HAL_EXTI_RegisterCallback
                0x000000000800a53c       0x42 ./Drivers/STM32L0xx_HAL_Driver/Src/stm32l0xx_hal_exti.o
                0x000000000800a53c                HAL_EXTI_RegisterCallback
 .text.HAL_EXTI_GetHandle
                0x000000000800a57e       0x24 ./Drivers/STM32L0xx_HAL_Driver/Src/stm32l0xx_hal_exti.o
                0x000000000800a57e                HAL_EXTI_GetHandle
 *fill*         0x000000000800a5a2        0x2 
 .text.HAL_EXTI_IRQHandler
                0x000000000800a5a4       0x48 ./Drivers/STM32L0xx_HAL_Driver/Src/stm32l0xx_hal_exti.o
                0x000000000800a5a4                HAL_EXTI_IRQHandler
 .text.HAL_GPIO_Init
                0x000000000800a5ec      0x2fc ./Drivers/STM32L0xx_HAL_Driver/Src/stm32l0xx_hal_gpio.o
                0x000000000800a5ec                HAL_GPIO_Init
 .text.HAL_GPIO_DeInit
                0x000000000800a8e8      0x1c4 ./Drivers/STM32L0xx_HAL_Driver/Src/stm32l0xx_hal_gpio.o
                0x000000000800a8e8                HAL_GPIO_DeInit
 .text.HAL_GPIO_ReadPin
                0x000000000800aaac       0x3a ./Drivers/STM32L0xx_HAL_Driver/Src/stm32l0xx_hal_gpio.o
                0x000000000800aaac                HAL_GPIO_ReadPin
 .text.HAL_GPIO_WritePin
                0x000000000800aae6       0x3a ./Drivers/STM32L0xx_HAL_Driver/Src/stm32l0xx_hal_gpio.o
                0x000000000800aae6                HAL_GPIO_WritePin
 .text.HAL_I2C_Init
                0x000000000800ab20      0x12c ./Drivers/STM32L0xx_HAL_Driver/Src/stm32l0xx_hal_i2c.o
                0x000000000800ab20                HAL_I2C_Init
 .text.HAL_I2C_DeInit
                0x000000000800ac4c       0x60 ./Drivers/STM32L0xx_HAL_Driver/Src/stm32l0xx_hal_i2c.o
                0x000000000800ac4c                HAL_I2C_DeInit
 .text.HAL_I2C_MspInit
                0x000000000800acac       0x10 ./Drivers/STM32L0xx_HAL_Driver/Src/stm32l0xx_hal_i2c.o
                0x000000000800acac                HAL_I2C_MspInit
 .text.HAL_I2C_MspDeInit
                0x000000000800acbc       0x10 ./Drivers/STM32L0xx_HAL_Driver/Src/stm32l0xx_hal_i2c.o
                0x000000000800acbc                HAL_I2C_MspDeInit
 .text.HAL_I2C_Mem_Write
                0x000000000800accc      0x25c ./Drivers/STM32L0xx_HAL_Driver/Src/stm32l0xx_hal_i2c.o
                0x000000000800accc                HAL_I2C_Mem_Write
 .text.HAL_I2C_Mem_Read
                0x000000000800af28      0x268 ./Drivers/STM32L0xx_HAL_Driver/Src/stm32l0xx_hal_i2c.o
                0x000000000800af28                HAL_I2C_Mem_Read
 .text.HAL_I2C_GetState
                0x000000000800b190       0x18 ./Drivers/STM32L0xx_HAL_Driver/Src/stm32l0xx_hal_i2c.o
                0x000000000800b190                HAL_I2C_GetState
 .text.HAL_I2C_GetError
                0x000000000800b1a8       0x14 ./Drivers/STM32L0xx_HAL_Driver/Src/stm32l0xx_hal_i2c.o
                0x000000000800b1a8                HAL_I2C_GetError
 .text.I2C_RequestMemoryWrite
                0x000000000800b1bc       0xc8 ./Drivers/STM32L0xx_HAL_Driver/Src/stm32l0xx_hal_i2c.o
 .text.I2C_RequestMemoryRead
                0x000000000800b284       0xc4 ./Drivers/STM32L0xx_HAL_Driver/Src/stm32l0xx_hal_i2c.o
 .text.I2C_Flush_TXDR
                0x000000000800b348       0x44 ./Drivers/STM32L0xx_HAL_Driver/Src/stm32l0xx_hal_i2c.o
 .text.I2C_WaitOnFlagUntilTimeout
                0x000000000800b38c       0x7e ./Drivers/STM32L0xx_HAL_Driver/Src/stm32l0xx_hal_i2c.o
 .text.I2C_WaitOnTXISFlagUntilTimeout
                0x000000000800b40a       0x7e ./Drivers/STM32L0xx_HAL_Driver/Src/stm32l0xx_hal_i2c.o
 .text.I2C_WaitOnSTOPFlagUntilTimeout
                0x000000000800b488       0x78 ./Drivers/STM32L0xx_HAL_Driver/Src/stm32l0xx_hal_i2c.o
 .text.I2C_IsAcknowledgeFailed
                0x000000000800b500       0xf4 ./Drivers/STM32L0xx_HAL_Driver/Src/stm32l0xx_hal_i2c.o
 .text.I2C_TransferConfig
                0x000000000800b5f4       0x6c ./Drivers/STM32L0xx_HAL_Driver/Src/stm32l0xx_hal_i2c.o
 .text.HAL_I2CEx_ConfigAnalogFilter
                0x000000000800b660       0x98 ./Drivers/STM32L0xx_HAL_Driver/Src/stm32l0xx_hal_i2c_ex.o
                0x000000000800b660                HAL_I2CEx_ConfigAnalogFilter
 .text.HAL_I2CEx_ConfigDigitalFilter
                0x000000000800b6f8       0x98 ./Drivers/STM32L0xx_HAL_Driver/Src/stm32l0xx_hal_i2c_ex.o
                0x000000000800b6f8                HAL_I2CEx_ConfigDigitalFilter
 .text.HAL_RCC_OscConfig
                0x000000000800b790      0x7a8 ./Drivers/STM32L0xx_HAL_Driver/Src/stm32l0xx_hal_rcc.o
                0x000000000800b790                HAL_RCC_OscConfig
 .text.HAL_RCC_ClockConfig
                0x000000000800bf38      0x290 ./Drivers/STM32L0xx_HAL_Driver/Src/stm32l0xx_hal_rcc.o
                0x000000000800bf38                HAL_RCC_ClockConfig
 .text.HAL_RCC_GetSysClockFreq
                0x000000000800c1c8      0x14c ./Drivers/STM32L0xx_HAL_Driver/Src/stm32l0xx_hal_rcc.o
                0x000000000800c1c8                HAL_RCC_GetSysClockFreq
 .text.HAL_RCC_GetHCLKFreq
                0x000000000800c314       0x14 ./Drivers/STM32L0xx_HAL_Driver/Src/stm32l0xx_hal_rcc.o
                0x000000000800c314                HAL_RCC_GetHCLKFreq
 .text.HAL_RCC_GetPCLK1Freq
                0x000000000800c328       0x2c ./Drivers/STM32L0xx_HAL_Driver/Src/stm32l0xx_hal_rcc.o
                0x000000000800c328                HAL_RCC_GetPCLK1Freq
 .text.HAL_RCC_GetPCLK2Freq
                0x000000000800c354       0x2c ./Drivers/STM32L0xx_HAL_Driver/Src/stm32l0xx_hal_rcc.o
                0x000000000800c354                HAL_RCC_GetPCLK2Freq
 .text.HAL_RCCEx_PeriphCLKConfig
                0x000000000800c380      0x2e8 ./Drivers/STM32L0xx_HAL_Driver/Src/stm32l0xx_hal_rcc_ex.o
                0x000000000800c380                HAL_RCCEx_PeriphCLKConfig
 .text.HAL_RTC_Init
                0x000000000800c668      0x13c ./Drivers/STM32L0xx_HAL_Driver/Src/stm32l0xx_hal_rtc.o
                0x000000000800c668                HAL_RTC_Init
 .text.HAL_RTC_SetTime
                0x000000000800c7a4      0x188 ./Drivers/STM32L0xx_HAL_Driver/Src/stm32l0xx_hal_rtc.o
                0x000000000800c7a4                HAL_RTC_SetTime
 .text.HAL_RTC_GetTime
                0x000000000800c92c       0xb8 ./Drivers/STM32L0xx_HAL_Driver/Src/stm32l0xx_hal_rtc.o
                0x000000000800c92c                HAL_RTC_GetTime
 .text.HAL_RTC_SetDate
                0x000000000800c9e4      0x15c ./Drivers/STM32L0xx_HAL_Driver/Src/stm32l0xx_hal_rtc.o
                0x000000000800c9e4                HAL_RTC_SetDate
 .text.HAL_RTC_GetDate
                0x000000000800cb40       0x9c ./Drivers/STM32L0xx_HAL_Driver/Src/stm32l0xx_hal_rtc.o
                0x000000000800cb40                HAL_RTC_GetDate
 .text.HAL_RTC_WaitForSynchro
                0x000000000800cbdc       0x4e ./Drivers/STM32L0xx_HAL_Driver/Src/stm32l0xx_hal_rtc.o
                0x000000000800cbdc                HAL_RTC_WaitForSynchro
 .text.RTC_EnterInitMode
                0x000000000800cc2a       0x54 ./Drivers/STM32L0xx_HAL_Driver/Src/stm32l0xx_hal_rtc.o
                0x000000000800cc2a                RTC_EnterInitMode
 .text.RTC_ByteToBcd2
                0x000000000800cc7e       0x50 ./Drivers/STM32L0xx_HAL_Driver/Src/stm32l0xx_hal_rtc.o
                0x000000000800cc7e                RTC_ByteToBcd2
 .text.RTC_Bcd2ToByte
                0x000000000800ccce       0x3a ./Drivers/STM32L0xx_HAL_Driver/Src/stm32l0xx_hal_rtc.o
                0x000000000800ccce                RTC_Bcd2ToByte
 .text.HAL_TIM_Base_Init
                0x000000000800cd08       0x80 ./Drivers/STM32L0xx_HAL_Driver/Src/stm32l0xx_hal_tim.o
                0x000000000800cd08                HAL_TIM_Base_Init
 .text.HAL_TIM_Base_Start_IT
                0x000000000800cd88       0xa4 ./Drivers/STM32L0xx_HAL_Driver/Src/stm32l0xx_hal_tim.o
                0x000000000800cd88                HAL_TIM_Base_Start_IT
 .text.HAL_TIM_Base_Stop_IT
                0x000000000800ce2c       0x4c ./Drivers/STM32L0xx_HAL_Driver/Src/stm32l0xx_hal_tim.o
                0x000000000800ce2c                HAL_TIM_Base_Stop_IT
 .text.HAL_TIM_IRQHandler
                0x000000000800ce78      0x1d0 ./Drivers/STM32L0xx_HAL_Driver/Src/stm32l0xx_hal_tim.o
                0x000000000800ce78                HAL_TIM_IRQHandler
 .text.HAL_TIM_ConfigClockSource
                0x000000000800d048      0x1a8 ./Drivers/STM32L0xx_HAL_Driver/Src/stm32l0xx_hal_tim.o
                0x000000000800d048                HAL_TIM_ConfigClockSource
 .text.HAL_TIM_OC_DelayElapsedCallback
                0x000000000800d1f0       0x10 ./Drivers/STM32L0xx_HAL_Driver/Src/stm32l0xx_hal_tim.o
                0x000000000800d1f0                HAL_TIM_OC_DelayElapsedCallback
 .text.HAL_TIM_IC_CaptureCallback
                0x000000000800d200       0x10 ./Drivers/STM32L0xx_HAL_Driver/Src/stm32l0xx_hal_tim.o
                0x000000000800d200                HAL_TIM_IC_CaptureCallback
 .text.HAL_TIM_PWM_PulseFinishedCallback
                0x000000000800d210       0x10 ./Drivers/STM32L0xx_HAL_Driver/Src/stm32l0xx_hal_tim.o
                0x000000000800d210                HAL_TIM_PWM_PulseFinishedCallback
 .text.HAL_TIM_TriggerCallback
                0x000000000800d220       0x10 ./Drivers/STM32L0xx_HAL_Driver/Src/stm32l0xx_hal_tim.o
                0x000000000800d220                HAL_TIM_TriggerCallback
 .text.TIM_Base_SetConfig
                0x000000000800d230       0xbc ./Drivers/STM32L0xx_HAL_Driver/Src/stm32l0xx_hal_tim.o
 .text.TIM_TI1_ConfigInputStage
                0x000000000800d2ec       0x5c ./Drivers/STM32L0xx_HAL_Driver/Src/stm32l0xx_hal_tim.o
 .text.TIM_TI2_ConfigInputStage
                0x000000000800d348       0x64 ./Drivers/STM32L0xx_HAL_Driver/Src/stm32l0xx_hal_tim.o
 .text.TIM_ITRx_SetConfig
                0x000000000800d3ac       0x32 ./Drivers/STM32L0xx_HAL_Driver/Src/stm32l0xx_hal_tim.o
 *fill*         0x000000000800d3de        0x2 
 .text.TIM_ETR_SetConfig
                0x000000000800d3e0       0x40 ./Drivers/STM32L0xx_HAL_Driver/Src/stm32l0xx_hal_tim.o
 .text.HAL_TIMEx_MasterConfigSynchronization
                0x000000000800d420       0xbc ./Drivers/STM32L0xx_HAL_Driver/Src/stm32l0xx_hal_tim_ex.o
                0x000000000800d420                HAL_TIMEx_MasterConfigSynchronization
 .text.HAL_UART_Init
                0x000000000800d4dc       0xa8 ./Drivers/STM32L0xx_HAL_Driver/Src/stm32l0xx_hal_uart.o
                0x000000000800d4dc                HAL_UART_Init
 .text.HAL_UART_MspInit
                0x000000000800d584       0x10 ./Drivers/STM32L0xx_HAL_Driver/Src/stm32l0xx_hal_uart.o
                0x000000000800d584                HAL_UART_MspInit
 .text.HAL_UART_Transmit
                0x000000000800d594      0x150 ./Drivers/STM32L0xx_HAL_Driver/Src/stm32l0xx_hal_uart.o
                0x000000000800d594                HAL_UART_Transmit
 .text.HAL_UART_Receive_DMA
                0x000000000800d6e4       0xd0 ./Drivers/STM32L0xx_HAL_Driver/Src/stm32l0xx_hal_uart.o
                0x000000000800d6e4                HAL_UART_Receive_DMA
 .text.HAL_UART_RxCpltCallback
                0x000000000800d7b4       0x10 ./Drivers/STM32L0xx_HAL_Driver/Src/stm32l0xx_hal_uart.o
                0x000000000800d7b4                HAL_UART_RxCpltCallback
 .text.HAL_UART_RxHalfCpltCallback
                0x000000000800d7c4       0x10 ./Drivers/STM32L0xx_HAL_Driver/Src/stm32l0xx_hal_uart.o
                0x000000000800d7c4                HAL_UART_RxHalfCpltCallback
 .text.HAL_UART_ErrorCallback
                0x000000000800d7d4       0x10 ./Drivers/STM32L0xx_HAL_Driver/Src/stm32l0xx_hal_uart.o
                0x000000000800d7d4                HAL_UART_ErrorCallback
 .text.HAL_UARTEx_RxEventCallback
                0x000000000800d7e4       0x16 ./Drivers/STM32L0xx_HAL_Driver/Src/stm32l0xx_hal_uart.o
                0x000000000800d7e4                HAL_UARTEx_RxEventCallback
 *fill*         0x000000000800d7fa        0x2 
 .text.UART_SetConfig
                0x000000000800d7fc      0x540 ./Drivers/STM32L0xx_HAL_Driver/Src/stm32l0xx_hal_uart.o
                0x000000000800d7fc                UART_SetConfig
 .text.UART_AdvFeatureConfig
                0x000000000800dd3c      0x168 ./Drivers/STM32L0xx_HAL_Driver/Src/stm32l0xx_hal_uart.o
                0x000000000800dd3c                UART_AdvFeatureConfig
 .text.UART_CheckIdleState
                0x000000000800dea4       0x90 ./Drivers/STM32L0xx_HAL_Driver/Src/stm32l0xx_hal_uart.o
                0x000000000800dea4                UART_CheckIdleState
 .text.UART_WaitOnFlagUntilTimeout
                0x000000000800df34      0x188 ./Drivers/STM32L0xx_HAL_Driver/Src/stm32l0xx_hal_uart.o
                0x000000000800df34                UART_WaitOnFlagUntilTimeout
 .text.UART_Start_Receive_DMA
                0x000000000800e0bc      0x144 ./Drivers/STM32L0xx_HAL_Driver/Src/stm32l0xx_hal_uart.o
                0x000000000800e0bc                UART_Start_Receive_DMA
 .text.UART_EndTxTransfer
                0x000000000800e200       0x48 ./Drivers/STM32L0xx_HAL_Driver/Src/stm32l0xx_hal_uart.o
 .text.UART_EndRxTransfer
                0x000000000800e248       0xc4 ./Drivers/STM32L0xx_HAL_Driver/Src/stm32l0xx_hal_uart.o
 .text.UART_DMAReceiveCplt
                0x000000000800e30c      0x128 ./Drivers/STM32L0xx_HAL_Driver/Src/stm32l0xx_hal_uart.o
 .text.UART_DMARxHalfCplt
                0x000000000800e434       0x3c ./Drivers/STM32L0xx_HAL_Driver/Src/stm32l0xx_hal_uart.o
 .text.UART_DMAError
                0x000000000800e470       0x82 ./Drivers/STM32L0xx_HAL_Driver/Src/stm32l0xx_hal_uart.o
 .text.MX_MEMS_Init
                0x000000000800e4f2        0xe ./MEMS/App/app_mems.o
                0x000000000800e4f2                MX_MEMS_Init
 .text.MX_MEMS_Process
                0x000000000800e500       0x18 ./MEMS/App/app_mems.o
                0x000000000800e500                MX_MEMS_Process
 .text.HAL_TIM_PeriodElapsedCallback
                0x000000000800e518       0x2c ./MEMS/App/app_mems.o
                0x000000000800e518                HAL_TIM_PeriodElapsedCallback
 .text.MX_DataLogFusion_Init
                0x000000000800e544       0xf8 ./MEMS/App/app_mems.o
 .text.MX_DataLogFusion_Process
                0x000000000800e63c      0x16c ./MEMS/App/app_mems.o
 .text.Init_Sensors
                0x000000000800e7a8       0x34 ./MEMS/App/app_mems.o
 .text.RTC_Handler
                0x000000000800e7dc       0xf0 ./MEMS/App/app_mems.o
 .text.FX_Data_Handler
                0x000000000800e8cc      0x2b4 ./MEMS/App/app_mems.o
 .text.BSP_PB_Callback
                0x000000000800eb80       0x20 ./MEMS/App/app_mems.o
                0x000000000800eb80                BSP_PB_Callback
 .text.Accelero_Sensor_Handler
                0x000000000800eba0       0xb4 ./MEMS/App/app_mems.o
 .text.Gyro_Sensor_Handler
                0x000000000800ec54       0xb4 ./MEMS/App/app_mems.o
 .text.Magneto_Sensor_Handler
                0x000000000800ed08      0x1c8 ./MEMS/App/app_mems.o
 .text.Pressure_Sensor_Handler
                0x000000000800eed0       0x64 ./MEMS/App/app_mems.o
 .text.Temperature_Sensor_Handler
                0x000000000800ef34       0x70 ./MEMS/App/app_mems.o
 .text.Humidity_Sensor_Handler
                0x000000000800efa4       0x70 ./MEMS/App/app_mems.o
 .text.TIM_Config
                0x000000000800f014       0x6c ./MEMS/App/app_mems.o
 .text.UART_ReceivedMSG
                0x000000000800f080      0x220 ./MEMS/Target/com.o
                0x000000000800f080                UART_ReceivedMSG
 .text.UART_SendMsg
                0x000000000800f2a0       0x48 ./MEMS/Target/com.o
                0x000000000800f2a0                UART_SendMsg
 .text.UART_StartReceiveMsg
                0x000000000800f2e8       0x38 ./MEMS/Target/com.o
                0x000000000800f2e8                UART_StartReceiveMsg
 .text.Get_DMA_Flag_Status
                0x000000000800f320       0x94 ./MEMS/Target/com.o
 .text.Get_DMA_Counter
                0x000000000800f3b4       0x16 ./MEMS/Target/com.o
 .text.BUILD_REPLY_HEADER
                0x000000000800f3ca       0x2a ./MEMS/Target/demo_serial.o
                0x000000000800f3ca                BUILD_REPLY_HEADER
 .text.INIT_STREAMING_HEADER
                0x000000000800f3f4       0x30 ./MEMS/Target/demo_serial.o
                0x000000000800f3f4                INIT_STREAMING_HEADER
 .text.HandleMSG
                0x000000000800f424      0x6c4 ./MEMS/Target/demo_serial.o
                0x000000000800f424                HandleMSG
 .text.RTC_DateRegulate
                0x000000000800fae8       0x68 ./MEMS/Target/demo_serial.o
                0x000000000800fae8                RTC_DateRegulate
 .text.RTC_TimeRegulate
                0x000000000800fb50       0x70 ./MEMS/Target/demo_serial.o
                0x000000000800fb50                RTC_TimeRegulate
 .text.Get_PresentationString
                0x000000000800fbc0       0x78 ./MEMS/Target/demo_serial.o
                0x000000000800fbc0                Get_PresentationString
 .text.BSP_SENSOR_ACC_Init
                0x000000000800fc38       0x12 ./MEMS/Target/iks01a3_mems_control.o
                0x000000000800fc38                BSP_SENSOR_ACC_Init
 .text.BSP_SENSOR_GYR_Init
                0x000000000800fc4a       0x12 ./MEMS/Target/iks01a3_mems_control.o
                0x000000000800fc4a                BSP_SENSOR_GYR_Init
 .text.BSP_SENSOR_MAG_Init
                0x000000000800fc5c       0x12 ./MEMS/Target/iks01a3_mems_control.o
                0x000000000800fc5c                BSP_SENSOR_MAG_Init
 .text.BSP_SENSOR_PRESS_Init
                0x000000000800fc6e       0x12 ./MEMS/Target/iks01a3_mems_control.o
                0x000000000800fc6e                BSP_SENSOR_PRESS_Init
 .text.BSP_SENSOR_TEMP_Init
                0x000000000800fc80       0x12 ./MEMS/Target/iks01a3_mems_control.o
                0x000000000800fc80                BSP_SENSOR_TEMP_Init
 .text.BSP_SENSOR_HUM_Init
                0x000000000800fc92       0x12 ./MEMS/Target/iks01a3_mems_control.o
                0x000000000800fc92                BSP_SENSOR_HUM_Init
 .text.BSP_SENSOR_ACC_Enable
                0x000000000800fca4       0x12 ./MEMS/Target/iks01a3_mems_control.o
                0x000000000800fca4                BSP_SENSOR_ACC_Enable
 .text.BSP_SENSOR_GYR_Enable
                0x000000000800fcb6       0x12 ./MEMS/Target/iks01a3_mems_control.o
                0x000000000800fcb6                BSP_SENSOR_GYR_Enable
 .text.BSP_SENSOR_MAG_Enable
                0x000000000800fcc8       0x12 ./MEMS/Target/iks01a3_mems_control.o
                0x000000000800fcc8                BSP_SENSOR_MAG_Enable
 .text.BSP_SENSOR_PRESS_Enable
                0x000000000800fcda       0x12 ./MEMS/Target/iks01a3_mems_control.o
                0x000000000800fcda                BSP_SENSOR_PRESS_Enable
 .text.BSP_SENSOR_TEMP_Enable
                0x000000000800fcec       0x12 ./MEMS/Target/iks01a3_mems_control.o
                0x000000000800fcec                BSP_SENSOR_TEMP_Enable
 .text.BSP_SENSOR_HUM_Enable
                0x000000000800fcfe       0x12 ./MEMS/Target/iks01a3_mems_control.o
                0x000000000800fcfe                BSP_SENSOR_HUM_Enable
 .text.BSP_SENSOR_ACC_Disable
                0x000000000800fd10       0x12 ./MEMS/Target/iks01a3_mems_control.o
                0x000000000800fd10                BSP_SENSOR_ACC_Disable
 .text.BSP_SENSOR_GYR_Disable
                0x000000000800fd22       0x12 ./MEMS/Target/iks01a3_mems_control.o
                0x000000000800fd22                BSP_SENSOR_GYR_Disable
 .text.BSP_SENSOR_MAG_Disable
                0x000000000800fd34       0x12 ./MEMS/Target/iks01a3_mems_control.o
                0x000000000800fd34                BSP_SENSOR_MAG_Disable
 .text.BSP_SENSOR_PRESS_Disable
                0x000000000800fd46       0x12 ./MEMS/Target/iks01a3_mems_control.o
                0x000000000800fd46                BSP_SENSOR_PRESS_Disable
 .text.BSP_SENSOR_TEMP_Disable
                0x000000000800fd58       0x12 ./MEMS/Target/iks01a3_mems_control.o
                0x000000000800fd58                BSP_SENSOR_TEMP_Disable
 .text.BSP_SENSOR_HUM_Disable
                0x000000000800fd6a       0x12 ./MEMS/Target/iks01a3_mems_control.o
                0x000000000800fd6a                BSP_SENSOR_HUM_Disable
 .text.BSP_SENSOR_ACC_GetAxes
                0x000000000800fd7c       0x1c ./MEMS/Target/iks01a3_mems_control.o
                0x000000000800fd7c                BSP_SENSOR_ACC_GetAxes
 .text.BSP_SENSOR_GYR_GetAxes
                0x000000000800fd98       0x1c ./MEMS/Target/iks01a3_mems_control.o
                0x000000000800fd98                BSP_SENSOR_GYR_GetAxes
 .text.BSP_SENSOR_MAG_GetAxes
                0x000000000800fdb4       0x1c ./MEMS/Target/iks01a3_mems_control.o
                0x000000000800fdb4                BSP_SENSOR_MAG_GetAxes
 .text.BSP_SENSOR_PRESS_GetValue
                0x000000000800fdd0       0x1c ./MEMS/Target/iks01a3_mems_control.o
                0x000000000800fdd0                BSP_SENSOR_PRESS_GetValue
 .text.BSP_SENSOR_TEMP_GetValue
                0x000000000800fdec       0x1c ./MEMS/Target/iks01a3_mems_control.o
                0x000000000800fdec                BSP_SENSOR_TEMP_GetValue
 .text.BSP_SENSOR_HUM_GetValue
                0x000000000800fe08       0x1c ./MEMS/Target/iks01a3_mems_control.o
                0x000000000800fe08                BSP_SENSOR_HUM_GetValue
 .text.BSP_SENSOR_ACC_SetOutputDataRate
                0x000000000800fe24       0x1c ./MEMS/Target/iks01a3_mems_control.o
                0x000000000800fe24                BSP_SENSOR_ACC_SetOutputDataRate
 .text.BSP_SENSOR_ACC_SetFullScale
                0x000000000800fe40       0x1c ./MEMS/Target/iks01a3_mems_control.o
                0x000000000800fe40                BSP_SENSOR_ACC_SetFullScale
 .text.BSP_SENSOR_ACC_GetOrientation
                0x000000000800fe5c       0x26 ./MEMS/Target/iks01a3_mems_control_ex.o
                0x000000000800fe5c                BSP_SENSOR_ACC_GetOrientation
 .text.BSP_SENSOR_GYR_GetOrientation
                0x000000000800fe82       0x26 ./MEMS/Target/iks01a3_mems_control_ex.o
                0x000000000800fe82                BSP_SENSOR_GYR_GetOrientation
 .text.BSP_SENSOR_MAG_GetOrientation
                0x000000000800fea8       0x26 ./MEMS/Target/iks01a3_mems_control_ex.o
                0x000000000800fea8                BSP_SENSOR_MAG_GetOrientation
 .text.MotionFX_manager_init
                0x000000000800fece       0x54 ./MEMS/Target/motion_fx_manager.o
                0x000000000800fece                MotionFX_manager_init
 *fill*         0x000000000800ff22        0x2 
 .text.MotionFX_manager_run
                0x000000000800ff24       0x40 ./MEMS/Target/motion_fx_manager.o
                0x000000000800ff24                MotionFX_manager_run
 .text.MotionFX_manager_start_6X
                0x000000000800ff64       0x10 ./MEMS/Target/motion_fx_manager.o
                0x000000000800ff64                MotionFX_manager_start_6X
 .text.MotionFX_manager_stop_6X
                0x000000000800ff74       0x10 ./MEMS/Target/motion_fx_manager.o
                0x000000000800ff74                MotionFX_manager_stop_6X
 .text.MotionFX_manager_start_9X
                0x000000000800ff84       0x10 ./MEMS/Target/motion_fx_manager.o
                0x000000000800ff84                MotionFX_manager_start_9X
 .text.MotionFX_manager_stop_9X
                0x000000000800ff94       0x10 ./MEMS/Target/motion_fx_manager.o
                0x000000000800ff94                MotionFX_manager_stop_9X
 .text.MotionFX_manager_get_version
                0x000000000800ffa4       0x22 ./MEMS/Target/motion_fx_manager.o